00VA.txt
02CL.txt
02WA.txt
05C.txt
06A.txt
08A.txt
08R.txt
0B7.txt
0B8.txt
0CL8.txt
0L7.txt
0O2.txt
0S9.txt
0WI4.txt
0WN4.txt
11VA.txt
11XS.txt
12D.txt
13VA.txt
13Y.txt
16D.txt
1B9.txt
1F0.txt
1F4.txt
1MD4.txt
1Q1.txt
1S0.txt
20V.txt
21D.txt
26VA.txt
28M.txt
2B2.txt
2CN4.txt
2G9.txt
2Q5.txt
2S1.txt
2W5.txt
33CA.txt
33PN.txt
33V.txt
38CA.txt
39N.txt
3B3.txt
3CA7.txt
3D2.txt
3G2.txt
3L2.txt
3M5.txt
3S8.txt
3V0.txt
40N.txt
41VA.txt
429.txt
46U.txt
47N.txt
48Q.txt
48Y.txt
4A6.txt
4B6.txt
4B7.txt
4B8.txt
4S1.txt
4S2.txt
4S6.txt
4S7.txt
4S9.txt
4V0.txt
4V8.txt
4VA2.txt
55J.txt
56S.txt
5CA7.txt
5CO7.txt
5MN9.txt
5N2.txt
5VA5.txt
5W4.txt
61C.txt
61S.txt
63C.txt
63MN.txt
6B0.txt
6B4.txt
6B9.txt
6D6.txt
6S2.txt
6S8.txt
6WI2.txt
6Y1.txt
70CL.txt
72Q.txt
72VA.txt
73S.txt
74S.txt
77MN.txt
77S.txt
78MN.txt
79C.txt
79MN.txt
7B9.txt
7S3.txt
7S5.txt
8421.txt
8422.txt
86CL.txt
87MN.txt
8A0.txt
8A1.txt
8D1.txt
8D4.txt
8PS5.txt
8Y2.txt
91C.txt
91PN.txt
92C.txt
9G8.txt
9WN1.txt
A34.txt
AJ4.txt
AYGA.txt
AYMN.txt
AYTE.txt
BGBW.txt
BGGH.txt
BGKK.txt
BGMA.txt
BIAE.txt
BIAL.txt
BIAR.txt
BIBA.txt
BIBD.txt
BIBF.txt
BIBI.txt
BIBK.txt
BIBL.txt
BIBR.txt
BIBV.txt
BIDA.txt
BIDV.txt
BIEG.txt
BIEH.txt
BIFF.txt
BIFL.txt
BIFM.txt
BIFZ.txt
BIGE.txt
BIGF.txt
BIGH.txt
BIGJ.txt
BIGR.txt
BIGS.txt
BIHE.txt
BIHI.txt
BIHK.txt
BIHL.txt
BIHN.txt
BIHR.txt
BIHS.txt
BIHT.txt
BIHU.txt
BIHV.txt
BIHX.txt
BIHY.txt
BIHZ.txt
BIID.txt
BIIS.txt
BIKA.txt
BIKE.txt
BIKF.txt
BIKJ.txt
BIKL.txt
BIKP.txt
BIKR.txt
BIMK.txt
BIMM.txt
BIMN.txt
BIMS.txt
BIND.txt
BINF.txt
BIOF.txt
BIPA.txt
BIRE.txt
BIRF.txt
BIRG.txt
BIRK.txt
BIRL.txt
BIRS.txt
BISA.txt
BISF.txt
BISG.txt
BISH.txt
BISI.txt
BISK.txt
BISL.txt
BISN.txt
BISP.txt
BISR.txt
BISS.txt
BIST.txt
BISV.txt
BITE.txt
BITF.txt
BITH.txt
BITM.txt
BITN.txt
BITO.txt
BIVH.txt
BIVI.txt
BIVM.txt
BIVO.txt
BKPR.txt
C77.txt
C80.txt
C81.txt
CA43.txt
CA70.txt
CA88.txt
CAB5.txt
CAL5.txt
CBV5.txt
CCE3.txt
CCR3.txt
CD02.txt
CDA4.txt
CDJ4.txt
CDT5.txt
CDU6.txt
CDU9.txt
CEG4.txt
CEL4.txt
CHW2.txt
CL13.txt
CN64.txt
CNA3.txt
CND4.txt
CNF3.txt
CNL3.txt
CNP3.txt
CNP7.txt
CNQ3.txt
CNS8.txt
CNT6.txt
CNU4.txt
COB4.txt
COL2.txt
CPE4.txt
CPG4.txt
CPK7.txt
CPL3.txt
CPL5.txt
CPN7.txt
CPP7.txt
CPQ3.txt
CPR2.txt
CPT3.txt
CPV2.txt
CSF7.txt
CTA9.txt
CTR7.txt
CWH4.txt
CYAD.txt
CYAG.txt
CYAH.txt
CYAM.txt
CYBD.txt
CYBG.txt
CYBP.txt
CYCC.txt
CYCH.txt
CYCL.txt
CYDB.txt
CYDC.txt
CYDL.txt
CYDO.txt
CYEL.txt
CYES.txt
CYGD.txt
CYGK.txt
CYHH.txt
CYHS.txt
CYHY.txt
CYIB.txt
CYJN.txt
CYLL.txt
CYLQ.txt
CYLS.txt
CYML.txt
CYMT.txt
CYND.txt
CYOW.txt
CYPR.txt
CYPY.txt
CYPZ.txt
CYQN.txt
CYQQ.txt
CYQT.txt
CYQU.txt
CYRC.txt
CYRI.txt
CYRJ.txt
CYRO.txt
CYRP.txt
CYRQ.txt
CYSB.txt
CYSC.txt
CYSH.txt
CYSL.txt
CYTA.txt
CYTB.txt
CYTE.txt
CYTF.txt
CYTR.txt
CYUL.txt
CYVQ.txt
CYVV.txt
CYWK.txt
CYXS.txt
CYXT.txt
CYXX.txt
CYXY.txt
CYXZ.txt
CYYR.txt
CYZR.txt
CZBA.txt
CZBF.txt
CZBM.txt
CZKE.txt
CZMD.txt
CZPB.txt
CZRJ.txt
CZSJ.txt
CZST.txt
CZUC.txt
D25.txt
DAAD.txt
DAOI.txt
DC12.txt
DRZA.txt
E14.txt
E67.txt
E70.txt
EA5.txt
EBHN.txt
EBZW.txt
ED01.txt
ED02.txt
ED03.txt
ED04.txt
ED05.txt
ED06.txt
ED07.txt
ED08.txt
ED09.txt
ED1A.txt
ED1B.txt
ED1C.txt
ED1D.txt
ED1E.txt
ED1F.txt
ED1G.txt
ED1H.txt
ED1I.txt
ED1J.txt
ED1K.txt
ED1L.txt
ED1M.txt
ED1N.txt
ED1O.txt
ED1P.txt
ED1Q.txt
ED2A.txt
ED2B.txt
ED2C.txt
EDAC.txt
EDAD.txt
EDAE.txt
EDAH.txt
EDAJ.txt
EDAK.txt
EDAN.txt
EDAO.txt
EDAQ.txt
EDAU.txt
EDAX.txt
EDAY.txt
EDAZ.txt
EDBA.txt
EDBF.txt
EDBG.txt
EDBH.txt
EDBJ.txt
EDBM.txt
EDBN.txt
EDBO.txt
EDBP.txt
EDBS.txt
EDBV.txt
EDBY.txt
EDCA.txt
EDCG.txt
EDCL.txt
EDCO.txt
EDCP.txt
EDCQ.txt
EDCR.txt
EDCU.txt
EDCV.txt
EDCW.txt
EDCX.txt
EDDE.txt
EDDF.txt
EDDG.txt
EDDH.txt
EDDK.txt
EDDL.txt
EDDM.txt
EDDN.txt
EDDP.txt
EDDR.txt
EDDS.txt
EDDT.txt
EDDV.txt
EDDW.txt
EDEB.txt
EDEF.txt
EDEG.txt
EDEH.txt
EDEL.txt
EDEM.txt
EDEN.txt
EDEP.txt
EDEQ.txt
EDER.txt
EDES.txt
EDEW.txt
EDFA.txt
EDFB.txt
EDFC.txt
EDFD.txt
EDFE.txt
EDFG.txt
EDFH.txt
EDFI.txt
EDFJ.txt
EDFK.txt
EDFL.txt
EDFM.txt
EDFN.txt
EDFO.txt
EDFP.txt
EDFQ.txt
EDFR.txt
EDFS.txt
EDFT.txt
EDFU.txt
EDFV.txt
EDFW.txt
EDFX.txt
EDFY.txt
EDFZ.txt
EDGA.txt
EDGB.txt
EDGE.txt
EDGF.txt
EDGH.txt
EDGI.txt
EDGJ.txt
EDGK.txt
EDGM.txt
EDGP.txt
EDGQ.txt
EDGR.txt
EDGS.txt
EDGT.txt
EDGU.txt
EDGW.txt
EDGX.txt
EDGZ.txt
EDH1.txt
EDHB.txt
EDHC.txt
EDHD.txt
EDHE.txt
EDHF.txt
EDHG.txt
EDHI.txt
EDHK.txt
EDHL.txt
EDHM.txt
EDHN.txt
EDHO.txt
EDHP.txt
EDHS.txt
EDHU.txt
EDHW.txt
EDJA.txt
EDJG.txt
EDKA.txt
EDKB.txt
EDKD.txt
EDKE.txt
EDKF.txt
EDKH.txt
EDKI.txt
EDKL.txt
EDKM.txt
EDKN.txt
EDKO.txt
EDKP.txt
EDKR.txt
EDKU.txt
EDKV.txt
EDKW.txt
EDKZ.txt
EDLA.txt
EDLB.txt
EDLC.txt
EDLD.txt
EDLE.txt
EDLF.txt
EDLG.txt
EDLH.txt
EDLI.txt
EDLJ.txt
EDLK.txt
EDLM.txt
EDLN.txt
EDLO.txt
EDLR.txt
EDLS.txt
EDLT.txt
EDLV.txt
EDLW.txt
EDLX.txt
EDLY.txt
EDLZ.txt
EDMA.txt
EDMB.txt
EDMC.txt
EDMD.txt
EDME.txt
EDMF.txt
EDMG.txt
EDMH.txt
EDMI.txt
EDMJ.txt
EDMK.txt
EDML.txt
EDMN.txt
EDMO.txt
EDMP.txt
EDMQ.txt
EDMR.txt
EDMS.txt
EDMT.txt
EDMU.txt
EDMV.txt
EDMW.txt
EDMX.txt
EDMY.txt
EDNA.txt
EDNB.txt
EDNC.txt
EDND.txt
EDNE.txt
EDNF.txt
EDNG.txt
EDNH.txt
EDNI.txt
EDNJ.txt
EDNK.txt
EDNL.txt
EDNM.txt
EDNO.txt
EDNP.txt
EDNQ.txt
EDNR.txt
EDNS.txt
EDNT.txt
EDNU.txt
EDNV.txt
EDNW.txt
EDNX.txt
EDNY.txt
EDNZ.txt
EDOA.txt
EDOB.txt
EDOF.txt
EDOK.txt
EDOP.txt
EDOS.txt
EDOT.txt
EDOU.txt
EDOV.txt
EDOW.txt
EDOY.txt
EDPA.txt
EDPB.txt
EDPC.txt
EDPD.txt
EDPE.txt
EDPF.txt
EDPG.txt
EDPH.txt
EDPI.txt
EDPJ.txt
EDPK.txt
EDPM.txt
EDPO.txt
EDPQ.txt
EDPR.txt
EDPS.txt
EDPT.txt
EDPU.txt
EDPW.txt
EDPY.txt
EDQA.txt
EDQB.txt
EDQC.txt
EDQD.txt
EDQE.txt
EDQF.txt
EDQG.txt
EDQH.txt
EDQI.txt
EDQK.txt
EDQL.txt
EDQM.txt
EDQN.txt
EDQO.txt
EDQP.txt
EDQR.txt
EDQS.txt
EDQT.txt
EDQW.txt
EDQX.txt
EDQY.txt
EDQZ.txt
EDRA.txt
EDRB.txt
EDRD.txt
EDRE.txt
EDRF.txt
EDRG.txt
EDRH.txt
EDRI.txt
EDRJ.txt
EDRK.txt
EDRL.txt
EDRM.txt
EDRN.txt
EDRO.txt
EDRP.txt
EDRS.txt
EDRT.txt
EDRV.txt
EDRW.txt
EDRX.txt
EDRY.txt
EDRZ.txt
EDSA.txt
EDSB.txt
EDSE.txt
EDSG.txt
EDSH.txt
EDSI.txt
EDSK.txt
EDSL.txt
EDSN.txt
EDSP.txt
EDSR.txt
EDST.txt
EDSW.txt
EDSZ.txt
EDTB.txt
EDTC.txt
EDTD.txt
EDTF.txt
EDTG.txt
EDTH.txt
EDTL.txt
EDTM.txt
EDTN.txt
EDTO.txt
EDTP.txt
EDTQ.txt
EDTR.txt
EDTS.txt
EDTU.txt
EDTW.txt
EDTX.txt
EDTY.txt
EDTZ.txt
EDUW.txt
EDVA.txt
EDVC.txt
EDVE.txt
EDVF.txt
EDVG.txt
EDVH.txt
EDVI.txt
EDVJ.txt
EDVK.txt
EDVL.txt
EDVM.txt
EDVN.txt
EDVP.txt
EDVR.txt
EDVS.txt
EDVU.txt
EDVW.txt
EDVY.txt
EDWA.txt
EDWB.txt
EDWC.txt
EDWE.txt
EDWF.txt
EDWG.txt
EDWH.txt
EDWI.txt
EDWJ.txt
EDWK.txt
EDWL.txt
EDWM.txt
EDWN.txt
EDWO.txt
EDWP.txt
EDWQ.txt
EDWR.txt
EDWS.txt
EDWU.txt
EDWV.txt
EDWX.txt
EDWY.txt
EDWZ.txt
EDX1.txt
EDX2.txt
EDX3.txt
EDX4.txt
EDX5.txt
EDX6.txt
EDX9.txt
EDXA.txt
EDXB.txt
EDXC.txt
EDXD.txt
EDXE.txt
EDXF.txt
EDXG.txt
EDXH.txt
EDXI.txt
EDXJ.txt
EDXK.txt
EDXL.txt
EDXM.txt
EDXN.txt
EDXO.txt
EDXP.txt
EDXQ.txt
EDXR.txt
EDXS.txt
EDXT.txt
EDXU.txt
EDXW.txt
EDXY.txt
EDXZ.txt
EDY1.txt
EEKA.txt
EETN.txt
EETU.txt
EF3.txt
EFEJ.txt
EFEK.txt
EFHE.txt
EFHF.txt
EFHK.txt
EFHM.txt
EFHY.txt
EFJY.txt
EFKI.txt
EFLP.txt
EFMA.txt
EFMH.txt
EFMP.txt
EFPO.txt
EFPT.txt
EFRO.txt
EFTU.txt
EFTV.txt
EFUT.txt
EG65.txt
EG74.txt
EGBE.txt
EGBN.txt
EGCJ.txt
EGCK.txt
EGEF.txt
EGEI.txt
EGEL.txt
EGEN.txt
EGEP.txt
EGER.txt
EGES.txt
EGEW.txt
EGEY.txt
EGFH.txt
EGGP.txt
EGHC.txt
EGHH.txt
EGHI.txt
EGHR.txt
EGKA.txt
EGKL.txt
EGLC.txt
EGNJ.txt
EGNS.txt
EGNW.txt
EGOQ.txt
EGPB.txt
EGPE.txt
EGPG.txt
EGPJ.txt
EGPL.txt
EGPM.txt
EGPN.txt
EGPO.txt
EGPR.txt
EGPT.txt
EGPU.txt
EGPW.txt
EGWU.txt
EGYP.txt
EHBK.txt
EHTE.txt
EIDW.txt
EINN.txt
EIWT.txt
EJ3.txt
EK01.txt
EK62.txt
EK78.txt
EKAE.txt
EKAH.txt
EKAT.txt
EKCH.txt
EKFR.txt
EKGH.txt
EKHE.txt
EKHG.txt
EKOD.txt
EKRK.txt
EKRN.txt
EN09.txt
EN2.txt
EN3.txt
EN4.txt
EN6.txt
ENAT.txt
ENLK.txt
ENRK.txt
ENRY.txt
ENSI.txt
EPGD.txt
EPKK.txt
EPKT.txt
EPLS.txt
EPOM.txt
EPSD.txt
ER2.txt
ESFR.txt
ESFS.txt
ESGA.txt
ESGC.txt
ESGD.txt
ESGE.txt
ESGF.txt
ESGG.txt
ESGH.txt
ESGI.txt
ESGJ.txt
ESGK.txt
ESGL.txt
ESGM.txt
ESGN.txt
ESGO.txt
ESGP.txt
ESGR.txt
ESGS.txt
ESGT.txt
ESGU.txt
ESGV.txt
ESGY.txt
ESHB.txt
ESHC.txt
ESHD.txt
ESHK.txt
ESHL.txt
ESHS.txt
ESHY.txt
ESIA.txt
ESIB.txt
ESKB.txt
ESKC.txt
ESKD.txt
ESKG.txt
ESKH.txt
ESKK.txt
ESKM.txt
ESKN.txt
ESKO.txt
ESKU.txt
ESKV.txt
ESMA.txt
ESMB.txt
ESMC.txt
ESMD.txt
ESME.txt
ESMF.txt
ESMG.txt
ESMH.txt
ESMI.txt
ESMJ.txt
ESMK.txt
ESML.txt
ESMO.txt
ESMP.txt
ESMQ.txt
ESMS.txt
ESMT.txt
ESMU.txt
ESMV.txt
ESMX.txt
ESMY.txt
ESMZ.txt
ESNA.txt
ESNB.txt
ESNC.txt
ESND.txt
ESNE.txt
ESNG.txt
ESNH.txt
ESNJ.txt
ESNK.txt
ESNL.txt
ESNM.txt
ESNN.txt
ESNO.txt
ESNP.txt
ESNQ.txt
ESNR.txt
ESNS.txt
ESNT.txt
ESNU.txt
ESNV.txt
ESNX.txt
ESNY.txt
ESNZ.txt
ESOE.txt
ESOH.txt
ESOK.txt
ESOL.txt
ESOW.txt
ESQO.txt
ESQP.txt
ESSA.txt
ESSB.txt
ESSC.txt
ESSD.txt
ESSE.txt
ESSF.txt
ESSG.txt
ESSH.txt
ESSI.txt
ESSK.txt
ESSL.txt
ESSM.txt
ESSN.txt
ESSP.txt
ESST.txt
ESSU.txt
ESSV.txt
ESSW.txt
ESSX.txt
ESSZ.txt
ESTA.txt
ESTF.txt
ESTL.txt
ESTO.txt
ESTT.txt
ETAD.txt
ETAR.txt
ETEB.txt
ETED.txt
ETEK.txt
ETHA.txt
ETHB.txt
ETHC.txt
ETHE.txt
ETHF.txt
ETHH.txt
ETHL.txt
ETHN.txt
ETHR.txt
ETHS.txt
ETIC.txt
ETIH.txt
ETIK.txt
ETIN.txt
ETIY.txt
ETMN.txt
ETND.txt
ETNG.txt
ETNH.txt
ETNJ.txt
ETNL.txt
ETNN.txt
ETNS.txt
ETNT.txt
ETNW.txt
ETOA.txt
ETOI.txt
ETOR.txt
ETOU.txt
ETSA.txt
ETSB.txt
ETSE.txt
ETSF.txt
ETSI.txt
ETSL.txt
ETSN.txt
ETUO.txt
ETWM.txt
EVAD.txt
EVPA.txt
EVRA.txt
EVVA.txt
F72.txt
FABS.txt
FAGC.txt
FAKT.txt
FAWB.txt
FBKE.txt
FBMN.txt
FJDG.txt
FLLA.txt
FLSO.txt
FN18.txt
FN19.txt
FNBG.txt
FNDU.txt
FNHU.txt
FNKU.txt
FNLU.txt
FNSA.txt
FNUB.txt
FNUE.txt
FTTJ.txt
FVFA.txt
FVKB.txt
FXQN.txt
FYGB.txt
FYKM.txt
FYKT.txt
FYLZ.txt
FYML.txt
FYWB.txt
FYWE.txt
GCEJ.txt
GCGM.txt
GCGO.txt
GCHI.txt
GCHU.txt
GCLA.txt
GCLB.txt
GMFA.txt
GMFZ.txt
GMMF.txt
GMMI.txt
GMMZ.txt
GMTA.txt
GQPP.txt
GQPT.txt
GVMT.txt
GVSF.txt
HAAB.txt
HSSJ.txt
HSSM.txt
I18.txt
I19.txt
KABE.txt
KABQ.txt
KACK.txt
KACY.txt
KADM.txt
KADS.txt
KAFW.txt
KAGC.txt
KAHN.txt
KAIG.txt
KAKQ.txt
KALS.txt
KANE.txt
KANJ.txt
KAOC.txt
KAOO.txt
KAOV.txt
KAPA.txt
KAPC.txt
KAPN.txt
KAQO.txt
KARV.txt
KASE.txt
KASN.txt
KAST.txt
KATL.txt
KATW.txt
KAUG.txt
KAUN.txt
KAUO.txt
KAUW.txt
KAVC.txt
KAVP.txt
KAVX.txt
KAWM.txt
KAWO.txt
KAZC.txt
KAZO.txt
KBAZ.txt
KBDE.txt
KBDH.txt
KBDL.txt
KBED.txt
KBEH.txt
KBFD.txt
KBFI.txt
KBFL.txt
KBFM.txt
KBFW.txt
KBGM.txt
KBGR.txt
KBHM.txt
KBID.txt
KBIH.txt
KBIL.txt
KBKE.txt
KBKW.txt
KBLF.txt
KBLH.txt
KBLI.txt
KBLU.txt
KBNA.txt
KBOK.txt
KBOS.txt
KBRD.txt
KBST.txt
KBTY.txt
KBUF.txt
KBUR.txt
KBVS.txt
KBVU.txt
KBWC.txt
KBWI.txt
KBXK.txt
KCAE.txt
KCAG.txt
KCAK.txt
KCCB.txt
KCCR.txt
KCDA.txt
KCDK.txt
KCEF.txt
KCEY.txt
KCEZ.txt
KCGE.txt
KCGS.txt
KCHO.txt
KCHS.txt
KCID.txt
KCII.txt
KCJR.txt
KCKC.txt
KCLI.txt
KCLM.txt
KCLS.txt
KCMI.txt
KCNO.txt
KCOE.txt
KCOI.txt
KCOU.txt
KCQM.txt
KCRE.txt
KCRQ.txt
KCRW.txt
KCUB.txt
KCVG.txt
KCVO.txt
KCWA.txt
KCWC.txt
KCXP.txt
KCXY.txt
KCYW.txt
KCZG.txt
KDAA.txt
KDAB.txt
KDAF.txt
KDCA.txt
KDDH.txt
KDET.txt
KDLH.txt
KDLS.txt
KDMO.txt
KDNL.txt
KDTL.txt
KDTN.txt
KDTS.txt
KDUA.txt
KDUJ.txt
KDVL.txt
KDYT.txt
KEAU.txt
KECG.txt
KECP.txt
KEEN.txt
KEEO.txt
KEET.txt
KEFD.txt
KEFK.txt
KEGV.txt
KEIK.txt
KEKS.txt
KEKX.txt
KEMT.txt
KEMV.txt
KENW.txt
KERI.txt
KESN.txt
KETB.txt
KEUG.txt
KEWB.txt
KEWN.txt
KEWR.txt
KEYW.txt
KEZF.txt
KEZS.txt
KFAF.txt
KFAY.txt
KFCI.txt
KFCM.txt
KFFO.txt
KFHR.txt
KFIT.txt
KFKL.txt
KFKN.txt
KFLD.txt
KFLG.txt
KFLL.txt
KFLO.txt
KFMH.txt
KFMN.txt
KFMY.txt
KFNL.txt
KFPR.txt
KFRG.txt
KFRR.txt
KFSD.txt
KFSO.txt
KFTY.txt
KFVX.txt
KGAI.txt
KGCN.txt
KGEG.txt
KGFL.txt
KGKT.txt
KGLS.txt
KGON.txt
KGOO.txt
KGPI.txt
KGPZ.txt
KGRB.txt
KGRF.txt
KGSO.txt
KGSP.txt
KGTB.txt
KGTF.txt
KGYR.txt
KGYY.txt
KHAF.txt
KHDN.txt
KHEF.txt
KHEG.txt
KHFD.txt
KHIO.txt
KHKS.txt
KHLG.txt
KHNZ.txt
KHOU.txt
KHQM.txt
KHQZ.txt
KHSV.txt
KHTO.txt
KHTS.txt
KHUA.txt
KHVN.txt
KHWY.txt
KHXD.txt
KHXF.txt
KHYR.txt
KHYW.txt
KHZL.txt
KHZR.txt
KIAD.txt
KIFP.txt
KIJD.txt
KIKK.txt
KIKV.txt
KINL.txt
KIOW.txt
KIPT.txt
KISP.txt
KIWS.txt
KIYK.txt
KIZG.txt
KJAC.txt
KJAN.txt
KJEF.txt
KJGG.txt
KJHW.txt
KJKA.txt
KJMS.txt
KJRB.txt
KJST.txt
KJVL.txt
KJWN.txt
KJYO.txt
KKLS.txt
KLAF.txt
KLAL.txt
KLAR.txt
KLBE.txt
KLCH.txt
KLCK.txt
KLDM.txt
KLEB.txt
KLEW.txt
KLGA.txt
KLGD.txt
KLHV.txt
KLIT.txt
KLJF.txt
KLKU.txt
KLKV.txt
KLMT.txt
KLNK.txt
KLRO.txt
KLUF.txt
KLVK.txt
KLVN.txt
KLWB.txt
KLWS.txt
KLXV.txt
KLYH.txt
KLZZ.txt
KMAL.txt
KMBS.txt
KMDQ.txt
KMDS.txt
KMDT.txt
KMDZ.txt
KMEI.txt
KMFI.txt
KMFR.txt
KMGG.txt
KMGW.txt
KMIA.txt
KMIB.txt
KMKE.txt
KMKG.txt
KMKJ.txt
KMKT.txt
KMLB.txt
KMMK.txt
KMMV.txt
KMOB.txt
KMOX.txt
KMPV.txt
KMQI.txt
KMQJ.txt
KMQS.txt
KMRF.txt
KMRY.txt
KMSO.txt
KMSY.txt
KMTH.txt
KMTN.txt
KMTV.txt
KMVL.txt
KMVY.txt
KMWC.txt
KMWH.txt
KMYR.txt
KNCL.txt
KNEW.txt
KNKT.txt
KNLC.txt
KNOW.txt
KNUW.txt
KNYG.txt
KNYL.txt
KOCQ.txt
KOEO.txt
KOKK.txt
KOKV.txt
KOLM.txt
KOMH.txt
KONP.txt
KONT.txt
KONX.txt
KOPF.txt
KOQU.txt
KORB.txt
KORD.txt
KORF.txt
KORS.txt
KOSH.txt
KOSU.txt
KOTH.txt
KOWD.txt
KOXC.txt
KOXD.txt
KOXR.txt
KPAE.txt
KPAH.txt
KPBG.txt
KPBH.txt
KPBI.txt
KPDT.txt
KPDX.txt
KPIT.txt
KPKB.txt
KPKF.txt
KPNE.txt
KPOU.txt
KPRB.txt
KPSB.txt
KPSC.txt
KPSK.txt
KPSO.txt
KPSP.txt
KPTB.txt
KPTN.txt
KPUJ.txt
KPVC.txt
KPVD.txt
KPVF.txt
KPVU.txt
KPWC.txt
KPWK.txt
KPWM.txt
KPYM.txt
KRBG.txt
KRCA.txt
KRCX.txt
KRDG.txt
KRDM.txt
KRDR.txt
KRDU.txt
KRGK.txt
KRHI.txt
KRIC.txt
KRKD.txt
KRME.txt
KRMN.txt
KRNH.txt
KRNO.txt
KRNT.txt
KROA.txt
KROX.txt
KRRT.txt
KRSV.txt
KRTS.txt
KRUT.txt
KSAW.txt
KSBA.txt
KSBN.txt
KSBP.txt
KSBS.txt
KSBY.txt
KSCH.txt
KSDA.txt
KSDF.txt
KSDM.txt
KSEE.txt
KSET.txt
KSEZ.txt
KSFF.txt
KSFO.txt
KSFZ.txt
KSHD.txt
KSJT.txt
KSKA.txt
KSKX.txt
KSLC.txt
KSLE.txt
KSLH.txt
KSLK.txt
KSLN.txt
KSNA.txt
KSPB.txt
KSPI.txt
KSPZ.txt
KSSQ.txt
KSTC.txt
KSTL.txt
KSUE.txt
KSUN.txt
KSUW.txt
KSVH.txt
KSXL.txt
KSYR.txt
KSZP.txt
KSZT.txt
KTAD.txt
KTAN.txt
KTCM.txt
KTCY.txt
KTEB.txt
KTEX.txt
KTGI.txt
KTIW.txt
KTKV.txt
KTMK.txt
KTOA.txt
KTOI.txt
KTOP.txt
KTPA.txt
KTPL.txt
KTRI.txt
KTRK.txt
KTSP.txt
KTTD.txt
KTTN.txt
KTUS.txt
KTVC.txt
KTVK.txt
KTVL.txt
KTWM.txt
KUAO.txt
KUBE.txt
KUES.txt
KUIL.txt
KUNU.txt
KUNV.txt
KUTA.txt
KUUU.txt
KUZA.txt
KVCV.txt
KVGT.txt
KVIQ.txt
KVJI.txt
KVKS.txt
KVPS.txt
KVSF.txt
KVUO.txt
KWAL.txt
KWDG.txt
KWHP.txt
KWRI.txt
KWST.txt
KXLL.txt
KYKM.txt
KYNG.txt
KZER.txt
L001.txt
L002.txt
L003.txt
L004.txt
L06.txt
L09.txt
L19.txt
L22.txt
L41.txt
L52.txt
L54.txt
L57.txt
L61.txt
L62.txt
L71.txt
L72.txt
L77.txt
L84.txt
L88.txt
L92.txt
LAGJ.txt
LAKU.txt
LDOS.txt
LDSB.txt
LDSH.txt
LDZD.txt
LE03.txt
LE04.txt
LEAP.txt
LEAT.txt
LEBZ.txt
LEGE.txt
LEGV.txt
LEHS.txt
LEIU.txt
LELA.txt
LELH.txt
LEMP.txt
LERL.txt
LEVC.txt
LF02.txt
LFAV.txt
LFBE.txt
LFCW.txt
LFDS.txt
LFDX.txt
LFET.txt
LFEU.txt
LFEX.txt
LFEZ.txt
LFFC.txt
LFFJ.txt
LFFN.txt
LFFR.txt
LFFT.txt
LFGK.txt
LFHN.txt
LFHS.txt
LFIB.txt
LFJA.txt
LFJE.txt
LFJY.txt
LFKB.txt
LFKJ.txt
LFLC.txt
LFLI.txt
LFLY.txt
LFMA.txt
LFMF.txt
LFMO.txt
LFMQ.txt
LFMR.txt
LFMX.txt
LFNA.txt
LFNC.txt
LFNF.txt
LFNH.txt
LFNJ.txt
LFNR.txt
LFNS.txt
LFNV.txt
LFNZ.txt
LFOK.txt
LFPF.txt
LFPT.txt
LFPX.txt
LFQC.txt
LFQH.txt
LFQK.txt
LFQQ.txt
LFQW.txt
LFQX.txt
LFRG.txt
LFRN.txt
LFRT.txt
LFSG.txt
LFSK.txt
LFSN.txt
LFSU.txt
LFTM.txt
LFTP.txt
LFXI.txt
LFYL.txt
LGAL.txt
LGAV.txt
LGKF.txt
LGKO.txt
LGKR.txt
LGNX.txt
LGSK.txt
LGTS.txt
LGZA.txt
LHBP.txt
LHPR.txt
LIAF.txt
LIAP.txt
LIAQ.txt
LIAU.txt
LIBA.txt
LIBC.txt
LIBD.txt
LIBF.txt
LIBG.txt
LIBP.txt
LIBR.txt
LICA.txt
LICB.txt
LICC.txt
LICD.txt
LICG.txt
LICJ.txt
LICP.txt
LICR.txt
LICT.txt
LICZ.txt
LIDE.txt
LIDF.txt
LIDG.txt
LIDP.txt
LIDR.txt
LIDU.txt
LIDV.txt
LIEA.txt
LIEE.txt
LIEO.txt
LIER.txt
LIET.txt
LILH.txt
LILQ.txt
LILR.txt
LIMB.txt
LIMC.txt
LIMF.txt
LIMG.txt
LIMJ.txt
LIML.txt
LIMP.txt
LIMS.txt
LINL.txt
LIPC.txt
LIPE.txt
LIPF.txt
LIPH.txt
LIPK.txt
LIPM.txt
LIPO.txt
LIPQ.txt
LIPR.txt
LIPU.txt
LIPY.txt
LIPZ.txt
LIQB.txt
LIQL.txt
LIQN.txt
LIQS.txt
LIRA.txt
LIRE.txt
LIRF.txt
LIRG.txt
LIRH.txt
LIRI.txt
LIRJ.txt
LIRL.txt
LIRM.txt
LIRN.txt
LIRP.txt
LIRQ.txt
LIRS.txt
LIRU.txt
LIRV.txt
LIRZ.txt
LIVD.txt
LJAJ.txt
LJBL.txt
LJMS.txt
LJNM.txt
LJPZ.txt
LKKV.txt
LKPM.txt
LLBG.txt
LMML.txt
LNMC.txt
LOIH.txt
LOIR.txt
LOWW.txt
LPCR.txt
LPPI.txt
LPPR.txt
LPPT.txt
LQMO.txt
LQSA.txt
LRCL.txt
LROP.txt
LRSB.txt
LSEZ.txt
LSGC.txt
LSGE.txt
LSGL.txt
LSGN.txt
LSGS.txt
LSMM.txt
LSPG.txt
LSPL.txt
LSPM.txt
LSPN.txt
LSPV.txt
LSXB.txt
LSXG.txt
LSXV.txt
LSZB.txt
LSZC.txt
LSZE.txt
LSZF.txt
LSZG.txt
LSZH.txt
LSZI.txt
LSZL.txt
LSZN.txt
LSZO.txt
LSZQ.txt
LSZR.txt
LSZS.txt
LSZV.txt
LTCB.txt
LTCL.txt
LTCV.txt
LTFJ.txt
LUBL.txt
LWOH.txt
LWSK.txt
LXGB.txt
LYTV.txt
LZBD.txt
LZDB.txt
LZDV.txt
LZHL.txt
LZJS.txt
LZKC.txt
LZKS.txt
LZLU.txt
LZMA.txt
LZMC.txt
LZNI.txt
LZNZ.txt
LZOC.txt
LZPE.txt
LZPP.txt
LZPT.txt
LZPW.txt
LZRU.txt
LZRY.txt
LZSE.txt
LZSK.txt
LZSL.txt
LZSV.txt
LZSY.txt
LZTN.txt
LZTR.txt
LZTT.txt
LZZI.txt
M34.txt
M38.txt
M45.txt
MDPC.txt
MHDU.txt
MHPL.txt
MKJP.txt
MKJS.txt
MMSF.txt
MN50.txt
MRFI.txt
MRQP.txt
MUBA.txt
MUBY.txt
MUCA.txt
MUCC.txt
MUCF.txt
MUCL.txt
MUCU.txt
MUHA.txt
MUVR.txt
MUVT.txt
MWCB.txt
MWCL.txt
MWCR.txt
MYAM.txt
MYEH.txt
MYGF.txt
MYNN.txt
MYRD.txt
N53.txt
N59.txt
N82.txt
N94.txt
N96.txt
NSFI.txt
NTTO.txt
NV42.txt
NY54.txt
NZAA.txt
NZAG.txt
NZAR.txt
NZCI.txt
NZHN.txt
NZKK.txt
NZKT.txt
NZMF.txt
NZNP.txt
NZNR.txt
NZOP.txt
NZPM.txt
NZRV.txt
NZTH.txt
NZUN.txt
NZWR.txt
O24.txt
O26.txt
O43.txt
O57.txt
OINR.txt
OMDB.txt
OMDW.txt
OPGT.txt
OPRN.txt
OR10.txt
P20.txt
PAAL.txt
PADU.txt
PAEN.txt
PAFE.txt
PAGY.txt
PAHN.txt
PAJN.txt
PAKH.txt
PASX.txt
PAVD.txt
PS95.txt
RJAA.txt
RJAO.txt
RJBE.txt
RJCC.txt
RJFM.txt
RJSS.txt
RJT2.txt
RPLC.txt
RPLI.txt
RPVM.txt
RPVP.txt
RPVT.txt
S03.txt
S05.txt
S12.txt
S16.txt
S18.txt
S21.txt
S43.txt
S50.txt
S83.txt
SA07.txt
SA15.txt
SA17.txt
SA18.txt
SA27.txt
SA38.txt
SA46.txt
SA7Q.txt
SA7U.txt
SA9E.txt
SAAV.txt
SABE.txt
SACO.txt
SADF.txt
SADP.txt
SAEZ.txt
SAHC.txt
SAHE.txt
SAHS.txt
SAHZ.txt
SAME.txt
SAMM.txt
SAMR.txt
SANC.txt
SANE.txt
SANL.txt
SANO.txt
SANT.txt
SAOU.txt
SARC.txt
SASA.txt
SASJ.txt
SASQ.txt
SAVA.txt
SAVC.txt
SAVD.txt
SAVE.txt
SAVY.txt
SAWC.txt
SAWD.txt
SAWE.txt
SAWG.txt
SAWH.txt
SAWP.txt
SAWT.txt
SAWU.txt
SAZB.txt
SAZM.txt
SAZN.txt
SAZR.txt
SAZY.txt
SBAE.txt
SBAR.txt
SBBP.txt
SBBR.txt
SBCN.txt
SBCO.txt
SBFI.txt
SBFL.txt
SBFN.txt
SBGL.txt
SBGO.txt
SBIH.txt
SBJD.txt
SBMK.txt
SBNT.txt
SBPA.txt
SBPC.txt
SBPK.txt
SBPL.txt
SBPR.txt
SBPV.txt
SBQV.txt
SBRF.txt
SBRJ.txt
SBRP.txt
SBSM.txt
SBSP.txt
SBST.txt
SBSV.txt
SBUL.txt
SC1A.txt
SCAC.txt
SCAE.txt
SCAH.txt
SCAI.txt
SCAK.txt
SCAN.txt
SCAP.txt
SCAQ.txt
SCAR.txt
SCAS.txt
SCAT.txt
SCAY.txt
SCBB.txt
SCBE.txt
SCBI.txt
SCBS.txt
SCCA.txt
SCCB.txt
SCCC.txt
SCCF.txt
SCCH.txt
SCCK.txt
SCCL.txt
SCCM.txt
SCCR.txt
SCCT.txt
SCCU.txt
SCCV.txt
SCCY.txt
SCDQ.txt
SCDW.txt
SCEB.txt
SCER.txt
SCEY.txt
SCFC.txt
SCFK.txt
SCFM.txt
SCFR.txt
SCFT.txt
SCFX.txt
SCGA.txt
SCGB.txt
SCGL.txt
SCGO.txt
SCGY.txt
SCGZ.txt
SCHA.txt
SCHC.txt
SCHR.txt
SCHW.txt
SCIA.txt
SCIB.txt
SCIC.txt
SCIE.txt
SCIH.txt
SCII.txt
SCIK.txt
SCIL.txt
SCIM.txt
SCIO.txt
SCIR.txt
SCIS.txt
SCJO.txt
SCKD.txt
SCKL.txt
SCKM.txt
SCKO.txt
SCKP.txt
SCKT.txt
SCLB.txt
SCLC.txt
SCLD.txt
SCLE.txt
SCLJ.txt
SCLL.txt
SCLN.txt
SCLQ.txt
SCLY.txt
SCMA.txt
SCMF.txt
SCMK.txt
SCML.txt
SCMP.txt
SCND.txt
SCNE.txt
SCNK.txt
SCNM.txt
SCOH.txt
SCOL.txt
SCON.txt
SCOO.txt
SCOT.txt
SCOV.txt
SCPB.txt
SCPC.txt
SCPF.txt
SCPH.txt
SCPI.txt
SCPK.txt
SCPL.txt
SCPM.txt
SCPP.txt
SCPQ.txt
SCPR.txt
SCPU.txt
SCPV.txt
SCPY.txt
SCQC.txt
SCQE.txt
SCQI.txt
SCQK.txt
SCQL.txt
SCQM.txt
SCQP.txt
SCQR.txt
SCQT.txt
SCQY.txt
SCRA.txt
SCRB.txt
SCRC.txt
SCRD.txt
SCRE.txt
SCRF.txt
SCRG.txt
SCRI.txt
SCRM.txt
SCRN.txt
SCRS.txt
SCRU.txt
SCSB.txt
SCSD.txt
SCSE.txt
SCSF.txt
SCSH.txt
SCSJ.txt
SCSL.txt
SCSM.txt
SCSN.txt
SCSR.txt
SCST.txt
SCSZ.txt
SCTA.txt
SCTB.txt
SCTE.txt
SCTI.txt
SCTL.txt
SCTN.txt
SCTO.txt
SCTP.txt
SCTR.txt
SCTT.txt
SCUI.txt
SCUL.txt
SCVH.txt
SCVI.txt
SCVL.txt
SCVM.txt
SCVN.txt
SCVO.txt
SCXR.txt
SCYB.txt
SD68.txt
SDCR.txt
SDIH.txt
SDIM.txt
SDOB.txt
SDTB.txt
SDVH.txt
SEII.txt
SEMT.txt
SEQM.txt
SJRG.txt
SKCG.txt
SLCB.txt
SLLP.txt
SLPS.txt
SLSU.txt
SLTJ.txt
SLTR.txt
SLVR.txt
SMTO.txt
SNDT.txt
SNDV.txt
SNEJ.txt
SNFL.txt
SNGX.txt
SNJK.txt
SNJM.txt
SNKF.txt
SNKI.txt
SNMF.txt
SNOF.txt
SNQV.txt
SNZA.txt
SPCL.txt
SPHI.txt
SPHO.txt
SPIM.txt
SPJC.txt
SPJL.txt
SPQT.txt
SPQU.txt
SPRU.txt
SPSO.txt
SPTN.txt
SPTU.txt
SPZO.txt
SSAN.txt
SSBR.txt
SSCC.txt
SSMW.txt
SSSS.txt
SULS.txt
SUMU.txt
SURV.txt
SWFR.txt
SWNS.txt
T82.txt
TFFF.txt
TFFJ.txt
TNCM.txt
U30.txt
U36.txt
U52.txt
U70.txt
UERP.txt
UGSB.txt
UHMP.txt
UKKK.txt
UKLR.txt
ULPK.txt
ULPM.txt
ULPP.txt
ULPS.txt
ULWR.txt
UMKK.txt
UNKL.txt
UNKY.txt
UOHH.txt
UROD.txt
UT44.txt
UTOD.txt
VA42.txt
VGCB.txt
VGSD.txt
VHHH.txt
VI65.txt
VIAR.txt
VIDF.txt
VMMC.txt
VNDH.txt
VNDP.txt
VNJL.txt
VNJS.txt
VNST.txt
VNTR.txt
VOBL.txt
VT46.txt
VTSP.txt
VYXG.txt
W23.txt
W45.txt
W81.txt
W96.txt
WA28.txt
WADD.txt
WAJK.txt
WAJO.txt
WAPP.txt
WI47.txt
WMGK.txt
WMKA.txt
WMKB.txt
WMKC.txt
WMKE.txt
WMKF.txt
WMKI.txt
WMKL.txt
WMKM.txt
WMKN.txt
WMKP.txt
WMPA.txt
WMPR.txt
WMSA.txt
WN54.txt
WSAC.txt
WSSL.txt
WSSS.txt
WW43.txt
WW44.txt
WW89.txt
WX43.txt
WXX4.txt
WZ43.txt
X6MU.txt
XBRO.txt
XED2A.txt
XED2D.txt
XED2E.txt
XED2F.txt
XED2G.txt
XED2H.txt
XED2I.txt
XED2J.txt
XED6A.txt
XED6B.txt
XED7E.txt
XED7G.txt
XED7I.txt
XED7O.txt
XED7U.txt
XEDAC.txt
XEDAE.txt
XEDAI.txt
XEDB2.txt
XEDC9.txt
XEDCA.txt
XEDCW.txt
XEDDM.txt
XEDF2.txt
XEDGK.txt
XESG1.txt
XESG2.txt
XESG3.txt
XESG4.txt
XESG5.txt
XESG6.txt
XL005.txt
XL006.txt
XL007.txt
XL008.txt
XL009.txt
XL011.txt
XL013.txt
XL014.txt
XL015.txt
XLEGK.txt
XPLO.txt
XSA70.txt
XULPW.txt
XUSDT.txt
XZMHA.txt
XZMTU.txt
XZMUB.txt
Y49.txt
Y55.txt
Y77.txt
YARM.txt
YAYE.txt
YBAS.txt
YBLT.txt
YHOT.txt
YKDI.txt
YMAV.txt
YPAD.txt
YRED.txt
YSCN.txt
YTEM.txt
YTNK.txt
YTWB.txt
ZBAA.txt
ZGSZ.txt
ZMAH.txt
ZMAT.txt
ZMBD.txt
ZMBH.txt
ZMBN.txt
ZMBR.txt
ZMBS.txt
ZMBU.txt
ZMCD.txt
ZMDA.txt
ZMDN.txt
ZMDZ.txt
ZMED.txt
ZMGT.txt
ZMHG.txt
ZMHH.txt
ZMHU.txt
ZMKB.txt
ZMKD.txt
ZMMG.txt
ZMMN.txt
ZMSF.txt
ZMSH.txt
ZMTG.txt
ZMTL.txt
ZMTT.txt
ZMUG.txt
ZMUH.txt
ZMUL.txt
ZSPD.txt
