00VA.dat
00VA.txt
02CL.dat
02CL.txt
02WA.dat
02WA.txt
05C.dat
05C.txt
06A.dat
06A.txt
08A.dat
08A.txt
08R.dat
08R.txt
0B7.dat
0B7.txt
0B8.dat
0B8.txt
0CL8.dat
0CL8.txt
0L7.dat
0L7.txt
0O2.dat
0O2.txt
0S9.dat
0S9.txt
0WI4.dat
0WI4.txt
0WN4.dat
0WN4.txt
11VA.dat
11VA.txt
11XS.dat
11XS.txt
12D.dat
12D.txt
13VA.dat
13VA.txt
13Y.dat
13Y.txt
16D.dat
16D.txt
1B9.dat
1B9.txt
1F0.dat
1F0.txt
1F4.dat
1F4.txt
1MD4.dat
1MD4.txt
1Q1.dat
1Q1.txt
1S0.dat
1S0.txt
20V.dat
20V.txt
21D.dat
21D.txt
26VA.dat
26VA.txt
28M.dat
28M.txt
2B2.dat
2B2.txt
2CN4.dat
2CN4.txt
2G9.dat
2G9.txt
2Q5.dat
2Q5.txt
2S1.dat
2S1.txt
2W5.dat
2W5.txt
33CA.dat
33CA.txt
33PN.dat
33PN.txt
33V.dat
33V.txt
38CA.dat
38CA.txt
39N.dat
39N.txt
3B3.dat
3B3.txt
3CA7.dat
3CA7.txt
3D2.dat
3D2.txt
3G2.dat
3G2.txt
3L2.dat
3L2.txt
3M5.dat
3M5.txt
3S8.dat
3S8.txt
3V0.dat
3V0.txt
40N.dat
40N.txt
41VA.dat
41VA.txt
429.dat
429.txt
46U.dat
46U.txt
47N.dat
47N.txt
48Q.dat
48Q.txt
48Y.dat
48Y.txt
4A6.dat
4A6.txt
4B6.dat
4B6.txt
4B7.dat
4B7.txt
4B8.dat
4B8.txt
4S1.dat
4S1.txt
4S2.dat
4S2.txt
4S6.dat
4S6.txt
4S7.dat
4S7.txt
4S9.dat
4S9.txt
4V0.dat
4V0.txt
4V8.dat
4V8.txt
4VA2.dat
4VA2.txt
55J.dat
55J.txt
56S.dat
56S.txt
5CA7.dat
5CA7.txt
5CO7.dat
5CO7.txt
5MN9.dat
5MN9.txt
5N2.dat
5N2.txt
5VA5.dat
5VA5.txt
5W4.dat
5W4.txt
61C.dat
61C.txt
61S.dat
61S.txt
63C.dat
63C.txt
63MN.dat
63MN.txt
6B0.dat
6B0.txt
6B4.dat
6B4.txt
6B9.dat
6B9.txt
6D6.dat
6D6.txt
6S2.dat
6S2.txt
6S8.dat
6S8.txt
6WI2.dat
6WI2.txt
6Y1.dat
6Y1.txt
70CL.dat
70CL.txt
72Q.dat
72Q.txt
72VA.dat
72VA.txt
73S.dat
73S.txt
74S.dat
74S.txt
77MN.dat
77MN.txt
77S.dat
77S.txt
78MN.dat
78MN.txt
79C.dat
79C.txt
79MN.dat
79MN.txt
7B9.dat
7B9.txt
7S3.dat
7S3.txt
7S5.dat
7S5.txt
8421.dat
8421.txt
8422.dat
8422.txt
86CL.dat
86CL.txt
87MN.dat
87MN.txt
8A0.dat
8A0.txt
8A1.dat
8A1.txt
8D1.dat
8D1.txt
8D4.dat
8D4.txt
8PS5.dat
8PS5.txt
8Y2.dat
8Y2.txt
91C.dat
91C.txt
91PN.dat
91PN.txt
92C.dat
92C.txt
9G8.dat
9G8.txt
9WN1.dat
9WN1.txt
A34.dat
A34.txt
airports
airports.1
AJ4.dat
AJ4.txt
AYGA.dat
AYGA.txt
AYMN.dat
AYMN.txt
AYTE.dat
AYTE.txt
BGBW.dat
BGBW.txt
BGGH.dat
BGGH.txt
BGKK.dat
BGKK.txt
BGMA.dat
BGMA.txt
BIAE.dat
BIAE.txt
BIAL.dat
BIAL.txt
BIAR.dat
BIAR.txt
BIBA.dat
BIBA.txt
BIBD.dat
BIBD.txt
BIBF.dat
BIBF.txt
BIBI.dat
BIBI.txt
BIBK.dat
BIBK.txt
BIBL.dat
BIBL.txt
BIBR.dat
BIBR.txt
BIBV.dat
BIBV.txt
BIDA.dat
BIDA.txt
BIDV.dat
BIDV.txt
BIEG.dat
BIEG.txt
BIEH.dat
BIEH.txt
BIFF.dat
BIFF.txt
BIFL.dat
BIFL.txt
BIFM.dat
BIFM.txt
BIFZ.dat
BIFZ.txt
BIGE.dat
BIGE.txt
BIGF.dat
BIGF.txt
BIGH.dat
BIGH.txt
BIGJ.dat
BIGJ.txt
BIGR.dat
BIGR.txt
BIGS.dat
BIGS.txt
BIHE.dat
BIHE.txt
BIHI.dat
BIHI.txt
BIHK.dat
BIHK.txt
BIHL.dat
BIHL.txt
BIHN.dat
BIHN.txt
BIHR.dat
BIHR.txt
BIHS.dat
BIHS.txt
BIHT.dat
BIHT.txt
BIHU.dat
BIHU.txt
BIHV.dat
BIHV.txt
BIHX.dat
BIHX.txt
BIHY.dat
BIHY.txt
BIHZ.dat
BIHZ.txt
BIID.dat
BIID.txt
BIIS.dat
BIIS.txt
BIKA.dat
BIKA.txt
BIKE.dat
BIKE.txt
BIKF.dat
BIKF.txt
BIKJ.dat
BIKJ.txt
BIKL.dat
BIKL.txt
BIKP.dat
BIKP.txt
BIKR.dat
BIKR.txt
BIMK.dat
BIMK.txt
BIMM.dat
BIMM.txt
BIMN.dat
BIMN.txt
BIMS.dat
BIMS.txt
BIND.dat
BIND.txt
BINF.dat
BINF.txt
BIOF.dat
BIOF.txt
BIPA.dat
BIPA.txt
BIRE.dat
BIRE.txt
BIRF.dat
BIRF.txt
BIRG.dat
BIRG.txt
BIRK.dat
BIRK.txt
BIRL.dat
BIRL.txt
BIRS.dat
BIRS.txt
BISA.dat
BISA.txt
BISF.dat
BISF.txt
BISG.dat
BISG.txt
BISH.dat
BISH.txt
BISI.dat
BISI.txt
BISK.dat
BISK.txt
BISL.dat
BISL.txt
BISN.dat
BISN.txt
BISP.dat
BISP.txt
BISR.dat
BISR.txt
BISS.dat
BISS.txt
BIST.dat
BIST.txt
BISV.dat
BISV.txt
BITE.dat
BITE.txt
BITF.dat
BITF.txt
BITH.dat
BITH.txt
BITM.dat
BITM.txt
BITN.dat
BITN.txt
BITO.dat
BITO.txt
BIVH.dat
BIVH.txt
BIVI.dat
BIVI.txt
BIVM.dat
BIVM.txt
BIVO.dat
BIVO.txt
BKPR.dat
BKPR.txt
C77.dat
C77.txt
C80.dat
C80.txt
C81.dat
C81.txt
CA43.dat
CA43.txt
CA70.dat
CA70.txt
CA88.dat
CA88.txt
CAB5.dat
CAB5.txt
CAL5.dat
CAL5.txt
CBV5.dat
CBV5.txt
CCE3.dat
CCE3.txt
CCR3.dat
CCR3.txt
CD02.dat
CD02.txt
CDA4.dat
CDA4.txt
CDJ4.dat
CDJ4.txt
CDT5.dat
CDT5.txt
CDU6.dat
CDU6.txt
CDU9.dat
CDU9.txt
CEG4.dat
CEG4.txt
CEL4.dat
CEL4.txt
CHW2.dat
CHW2.txt
CL13.dat
CL13.txt
CN64.dat
CN64.txt
CNA3.dat
CNA3.txt
CND4.dat
CND4.txt
CNF3.dat
CNF3.txt
CNL3.dat
CNL3.txt
CNP3.dat
CNP3.txt
CNP7.dat
CNP7.txt
CNQ3.dat
CNQ3.txt
CNS8.dat
CNS8.txt
CNT6.dat
CNT6.txt
CNU4.dat
CNU4.txt
COB4.dat
COB4.txt
COL2.dat
COL2.txt
CPE4.dat
CPE4.txt
CPG4.dat
CPG4.txt
CPK7.dat
CPK7.txt
CPL3.dat
CPL3.txt
CPL5.dat
CPL5.txt
CPN7.dat
CPN7.txt
CPP7.dat
CPP7.txt
CPQ3.dat
CPQ3.txt
CPR2.dat
CPR2.txt
CPT3.dat
CPT3.txt
CPV2.dat
CPV2.txt
CSF7.dat
CSF7.txt
CTA9.dat
CTA9.txt
CTR7.dat
CTR7.txt
CWH4.dat
CWH4.txt
CYAD.dat
CYAD.txt
CYAG.dat
CYAG.txt
CYAH.dat
CYAH.txt
CYAM.dat
CYAM.txt
CYBD.dat
CYBD.txt
CYBG.dat
CYBG.txt
CYBP.dat
CYBP.txt
CYCC.dat
CYCC.txt
CYCH.dat
CYCH.txt
CYCL.dat
CYCL.txt
CYDB.dat
CYDB.txt
CYDC.dat
CYDC.txt
CYDL.dat
CYDL.txt
CYDO.dat
CYDO.txt
CYEL.dat
CYEL.txt
CYES.dat
CYES.txt
CYGD.dat
CYGD.txt
CYGK.dat
CYGK.txt
CYHH.dat
CYHH.txt
CYHS.dat
CYHS.txt
CYHY.dat
CYHY.txt
CYIB.dat
CYIB.txt
CYJN.dat
CYJN.txt
CYLL.dat
CYLL.txt
CYLQ.dat
CYLQ.txt
CYLS.dat
CYLS.txt
CYML.dat
CYML.txt
CYMT.dat
CYMT.txt
CYND.dat
CYND.txt
CYOW.dat
CYOW.txt
CYPR.dat
CYPR.txt
CYPY.dat
CYPY.txt
CYPZ.dat
CYPZ.txt
CYQN.dat
CYQN.txt
CYQQ.dat
CYQQ.txt
CYQT.dat
CYQT.txt
CYQU.dat
CYQU.txt
CYRC.dat
CYRC.txt
CYRI.dat
CYRI.txt
CYRJ.dat
CYRJ.txt
CYRO.dat
CYRO.txt
CYRP.dat
CYRP.txt
CYRQ.dat
CYRQ.txt
CYSB.dat
CYSB.txt
CYSC.dat
CYSC.txt
CYSH.dat
CYSH.txt
CYSL.dat
CYSL.txt
CYTA.dat
CYTA.txt
CYTB.dat
CYTB.txt
CYTE.dat
CYTE.txt
CYTF.dat
CYTF.txt
CYTR.dat
CYTR.txt
CYUL.dat
CYUL.txt
CYVQ.dat
CYVQ.txt
CYVV.dat
CYVV.txt
CYWK.dat
CYWK.txt
CYXS.dat
CYXS.txt
CYXT.dat
CYXT.txt
CYXX.dat
CYXX.txt
CYXY.dat
CYXY.txt
CYXZ.dat
CYXZ.txt
CYYR.dat
CYYR.txt
CYZR.dat
CYZR.txt
CZBA.dat
CZBA.txt
CZBF.dat
CZBF.txt
CZBM.dat
CZBM.txt
CZKE.dat
CZKE.txt
CZMD.dat
CZMD.txt
CZPB.dat
CZPB.txt
CZRJ.dat
CZRJ.txt
CZSJ.dat
CZSJ.txt
CZST.dat
CZST.txt
CZUC.dat
CZUC.txt
D25.dat
D25.txt
DAAD.dat
DAAD.txt
DAOI.dat
DAOI.txt
DC12.dat
DC12.txt
DRZA.dat
DRZA.txt
E14.dat
E14.txt
E67.dat
E67.txt
E70.dat
E70.txt
EA5.dat
EA5.txt
EBHN.dat
EBHN.txt
EBZW.dat
EBZW.txt
ED01.dat
ED01.txt
ED02.dat
ED02.txt
ED03.dat
ED03.txt
ED04.dat
ED04.txt
ED05.dat
ED05.txt
ED06.dat
ED06.txt
ED07.dat
ED07.txt
ED08.dat
ED08.txt
ED09.dat
ED09.txt
ED1A.dat
ED1A.txt
ED1B.dat
ED1B.txt
ED1C.dat
ED1C.txt
ED1D.dat
ED1D.txt
ED1E.dat
ED1E.txt
ED1F.dat
ED1F.txt
ED1G.dat
ED1G.txt
ED1H.dat
ED1H.txt
ED1I.dat
ED1I.txt
ED1J.dat
ED1J.txt
ED1K.dat
ED1K.txt
ED1L.dat
ED1L.txt
ED1M.dat
ED1M.txt
ED1N.dat
ED1N.txt
ED1O.dat
ED1O.txt
ED1P.dat
ED1P.txt
ED1Q.dat
ED1Q.txt
ED2A.dat
ED2A.txt
ED2B.dat
ED2B.txt
ED2C.dat
ED2C.txt
EDAC.dat
EDAC.txt
EDAD.dat
EDAD.txt
EDAE.dat
EDAE.txt
EDAH.dat
EDAH.txt
EDAJ.dat
EDAJ.txt
EDAK.dat
EDAK.txt
EDAN.dat
EDAN.txt
EDAO.dat
EDAO.txt
EDAQ.dat
EDAQ.txt
EDAU.dat
EDAU.txt
EDAX.dat
EDAX.txt
EDAY.dat
EDAY.txt
EDAZ.dat
EDAZ.txt
EDBA.dat
EDBA.txt
EDBF.dat
EDBF.txt
EDBG.dat
EDBG.txt
EDBH.dat
EDBH.txt
EDBJ.dat
EDBJ.txt
EDBM.dat
EDBM.txt
EDBN.dat
EDBN.txt
EDBO.dat
EDBO.txt
EDBP.dat
EDBP.txt
EDBS.dat
EDBS.txt
EDBV.dat
EDBV.txt
EDBY.dat
EDBY.txt
EDCA.dat
EDCA.txt
EDCG.dat
EDCG.txt
EDCL.dat
EDCL.txt
EDCO.dat
EDCO.txt
EDCP.dat
EDCP.txt
EDCQ.dat
EDCQ.txt
EDCR.dat
EDCR.txt
EDCU.dat
EDCU.txt
EDCV.dat
EDCV.txt
EDCW.dat
EDCW.txt
EDCX.dat
EDCX.txt
EDDE.dat
EDDE.txt
EDDF.dat
EDDF.txt
EDDG.dat
EDDG.txt
EDDH.dat
EDDH.txt
EDDK.dat
EDDK.txt
EDDL.dat
EDDL.txt
EDDM.dat
EDDM.txt
EDDN.dat
EDDN.txt
EDDP.dat
EDDP.txt
EDDR.dat
EDDR.txt
EDDS.dat
EDDS.txt
EDDT.dat
EDDT.txt
EDDV.dat
EDDV.txt
EDDW.dat
EDDW.txt
EDEB.dat
EDEB.txt
EDEF.dat
EDEF.txt
EDEG.dat
EDEG.txt
EDEH.dat
EDEH.txt
EDEL.dat
EDEL.txt
EDEM.dat
EDEM.txt
EDEN.dat
EDEN.txt
EDEP.dat
EDEP.txt
EDEQ.dat
EDEQ.txt
EDER.dat
EDER.txt
EDES.dat
EDES.txt
EDEW.dat
EDEW.txt
EDFA.dat
EDFA.txt
EDFB.dat
EDFB.txt
EDFC.dat
EDFC.txt
EDFD.dat
EDFD.txt
EDFE.dat
EDFE.txt
EDFG.dat
EDFG.txt
EDFH.dat
EDFH.txt
EDFI.dat
EDFI.txt
EDFJ.dat
EDFJ.txt
EDFK.dat
EDFK.txt
EDFL.dat
EDFL.txt
EDFM.dat
EDFM.txt
EDFN.dat
EDFN.txt
EDFO.dat
EDFO.txt
EDFP.dat
EDFP.txt
EDFQ.dat
EDFQ.txt
EDFR.dat
EDFR.txt
EDFS.dat
EDFS.txt
EDFT.dat
EDFT.txt
EDFU.dat
EDFU.txt
EDFV.dat
EDFV.txt
EDFW.dat
EDFW.txt
EDFX.dat
EDFX.txt
EDFY.dat
EDFY.txt
EDFZ.dat
EDFZ.txt
EDGA.dat
EDGA.txt
EDGB.dat
EDGB.txt
EDGE.dat
EDGE.txt
EDGF.dat
EDGF.txt
EDGH.dat
EDGH.txt
EDGI.dat
EDGI.txt
EDGJ.dat
EDGJ.txt
EDGK.dat
EDGK.txt
EDGM.dat
EDGM.txt
EDGP.dat
EDGP.txt
EDGQ.dat
EDGQ.txt
EDGR.dat
EDGR.txt
EDGS.dat
EDGS.txt
EDGT.dat
EDGT.txt
EDGU.dat
EDGU.txt
EDGW.dat
EDGW.txt
EDGX.dat
EDGX.txt
EDGZ.dat
EDGZ.txt
EDH1.dat
EDH1.txt
EDHB.dat
EDHB.txt
EDHC.dat
EDHC.txt
EDHD.dat
EDHD.txt
EDHE.dat
EDHE.txt
EDHF.dat
EDHF.txt
EDHG.dat
EDHG.txt
EDHI.dat
EDHI.txt
EDHK.dat
EDHK.txt
EDHL.dat
EDHL.txt
EDHM.dat
EDHM.txt
EDHN.dat
EDHN.txt
EDHO.dat
EDHO.txt
EDHP.dat
EDHP.txt
EDHS.dat
EDHS.txt
EDHU.dat
EDHU.txt
EDHW.dat
EDHW.txt
EDJA.dat
EDJA.txt
EDJG.dat
EDJG.txt
EDKA.dat
EDKA.txt
EDKB.dat
EDKB.txt
EDKD.dat
EDKD.txt
EDKE.dat
EDKE.txt
EDKF.dat
EDKF.txt
EDKH.dat
EDKH.txt
EDKI.dat
EDKI.txt
EDKL.dat
EDKL.txt
EDKM.dat
EDKM.txt
EDKN.dat
EDKN.txt
EDKO.dat
EDKO.txt
EDKP.dat
EDKP.txt
EDKR.dat
EDKR.txt
EDKU.dat
EDKU.txt
EDKV.dat
EDKV.txt
EDKW.dat
EDKW.txt
EDKZ.dat
EDKZ.txt
EDLA.dat
EDLA.txt
EDLB.dat
EDLB.txt
EDLC.dat
EDLC.txt
EDLD.dat
EDLD.txt
EDLE.dat
EDLE.txt
EDLF.dat
EDLF.txt
EDLG.dat
EDLG.txt
EDLH.dat
EDLH.txt
EDLI.dat
EDLI.txt
EDLJ.dat
EDLJ.txt
EDLK.dat
EDLK.txt
EDLM.dat
EDLM.txt
EDLN.dat
EDLN.txt
EDLO.dat
EDLO.txt
EDLR.dat
EDLR.txt
EDLS.dat
EDLS.txt
EDLT.dat
EDLT.txt
EDLV.dat
EDLV.txt
EDLW.dat
EDLW.txt
EDLX.dat
EDLX.txt
EDLY.dat
EDLY.txt
EDLZ.dat
EDLZ.txt
EDMA.dat
EDMA.txt
EDMB.dat
EDMB.txt
EDMC.dat
EDMC.txt
EDMD.dat
EDMD.txt
EDME.dat
EDME.txt
EDMF.dat
EDMF.txt
EDMG.dat
EDMG.txt
EDMH.dat
EDMH.txt
EDMI.dat
EDMI.txt
EDMJ.dat
EDMJ.txt
EDMK.dat
EDMK.txt
EDML.dat
EDML.txt
EDMN.dat
EDMN.txt
EDMO.dat
EDMO.txt
EDMP.dat
EDMP.txt
EDMQ.dat
EDMQ.txt
EDMR.dat
EDMR.txt
EDMS.dat
EDMS.txt
EDMT.dat
EDMT.txt
EDMU.dat
EDMU.txt
EDMV.dat
EDMV.txt
EDMW.dat
EDMW.txt
EDMX.dat
EDMX.txt
EDMY.dat
EDMY.txt
EDNA.dat
EDNA.txt
EDNB.dat
EDNB.txt
EDNC.dat
EDNC.txt
EDND.dat
EDND.txt
EDNE.dat
EDNE.txt
EDNF.dat
EDNF.txt
EDNG.dat
EDNG.txt
EDNH.dat
EDNH.txt
EDNI.dat
EDNI.txt
EDNJ.dat
EDNJ.txt
EDNK.dat
EDNK.txt
EDNL.dat
EDNL.txt
EDNM.dat
EDNM.txt
EDNO.dat
EDNO.txt
EDNP.dat
EDNP.txt
EDNQ.dat
EDNQ.txt
EDNR.dat
EDNR.txt
EDNS.dat
EDNS.txt
EDNT.dat
EDNT.txt
EDNU.dat
EDNU.txt
EDNV.dat
EDNV.txt
EDNW.dat
EDNW.txt
EDNX.dat
EDNX.txt
EDNY.dat
EDNY.txt
EDNZ.dat
EDNZ.txt
EDOA.dat
EDOA.txt
EDOB.dat
EDOB.txt
EDOF.dat
EDOF.txt
EDOK.dat
EDOK.txt
EDOP.dat
EDOP.txt
EDOS.dat
EDOS.txt
EDOT.dat
EDOT.txt
EDOU.dat
EDOU.txt
EDOV.dat
EDOV.txt
EDOW.dat
EDOW.txt
EDOY.dat
EDOY.txt
EDPA.dat
EDPA.txt
EDPB.dat
EDPB.txt
EDPC.dat
EDPC.txt
EDPD.dat
EDPD.txt
EDPE.dat
EDPE.txt
EDPF.dat
EDPF.txt
EDPG.dat
EDPG.txt
EDPH.dat
EDPH.txt
EDPI.dat
EDPI.txt
EDPJ.dat
EDPJ.txt
EDPK.dat
EDPK.txt
EDPM.dat
EDPM.txt
EDPO.dat
EDPO.txt
EDPQ.dat
EDPQ.txt
EDPR.dat
EDPR.txt
EDPS.dat
EDPS.txt
EDPT.dat
EDPT.txt
EDPU.dat
EDPU.txt
EDPW.dat
EDPW.txt
EDPY.dat
EDPY.txt
EDQA.dat
EDQA.txt
EDQB.dat
EDQB.txt
EDQC.dat
EDQC.txt
EDQD.dat
EDQD.txt
EDQE.dat
EDQE.txt
EDQF.dat
EDQF.txt
EDQG.dat
EDQG.txt
EDQH.dat
EDQH.txt
EDQI.dat
EDQI.txt
EDQK.dat
EDQK.txt
EDQL.dat
EDQL.txt
EDQM.dat
EDQM.txt
EDQN.dat
EDQN.txt
EDQO.dat
EDQO.txt
EDQP.dat
EDQP.txt
EDQR.dat
EDQR.txt
EDQS.dat
EDQS.txt
EDQT.dat
EDQT.txt
EDQW.dat
EDQW.txt
EDQX.dat
EDQX.txt
EDQY.dat
EDQY.txt
EDQZ.dat
EDQZ.txt
EDRA.dat
EDRA.txt
EDRB.dat
EDRB.txt
EDRD.dat
EDRD.txt
EDRE.dat
EDRE.txt
EDRF.dat
EDRF.txt
EDRG.dat
EDRG.txt
EDRH.dat
EDRH.txt
EDRI.dat
EDRI.txt
EDRJ.dat
EDRJ.txt
EDRK.dat
EDRK.txt
EDRL.dat
EDRL.txt
EDRM.dat
EDRM.txt
EDRN.dat
EDRN.txt
EDRO.dat
EDRO.txt
EDRP.dat
EDRP.txt
EDRS.dat
EDRS.txt
EDRT.dat
EDRT.txt
EDRV.dat
EDRV.txt
EDRW.dat
EDRW.txt
EDRX.dat
EDRX.txt
EDRY.dat
EDRY.txt
EDRZ.dat
EDRZ.txt
EDSA.dat
EDSA.txt
EDSB.dat
EDSB.txt
EDSE.dat
EDSE.txt
EDSG.dat
EDSG.txt
EDSH.dat
EDSH.txt
EDSI.dat
EDSI.txt
EDSK.dat
EDSK.txt
EDSL.dat
EDSL.txt
EDSN.dat
EDSN.txt
EDSP.dat
EDSP.txt
EDSR.dat
EDSR.txt
EDST.dat
EDST.txt
EDSW.dat
EDSW.txt
EDSZ.dat
EDSZ.txt
EDTB.dat
EDTB.txt
EDTC.dat
EDTC.txt
EDTD.dat
EDTD.txt
EDTF.dat
EDTF.txt
EDTG.dat
EDTG.txt
EDTH.dat
EDTH.txt
EDTL.dat
EDTL.txt
EDTM.dat
EDTM.txt
EDTN.dat
EDTN.txt
EDTO.dat
EDTO.txt
EDTP.dat
EDTP.txt
EDTQ.dat
EDTQ.txt
EDTR.dat
EDTR.txt
EDTS.dat
EDTS.txt
EDTU.dat
EDTU.txt
EDTW.dat
EDTW.txt
EDTX.dat
EDTX.txt
EDTY.dat
EDTY.txt
EDTZ.dat
EDTZ.txt
EDUW.dat
EDUW.txt
EDVA.dat
EDVA.txt
EDVC.dat
EDVC.txt
EDVE.dat
EDVE.txt
EDVF.dat
EDVF.txt
EDVG.dat
EDVG.txt
EDVH.dat
EDVH.txt
EDVI.dat
EDVI.txt
EDVJ.dat
EDVJ.txt
EDVK.dat
EDVK.txt
EDVL.dat
EDVL.txt
EDVM.dat
EDVM.txt
EDVN.dat
EDVN.txt
EDVP.dat
EDVP.txt
EDVR.dat
EDVR.txt
EDVS.dat
EDVS.txt
EDVU.dat
EDVU.txt
EDVW.dat
EDVW.txt
EDVY.dat
EDVY.txt
EDWA.dat
EDWA.txt
EDWB.dat
EDWB.txt
EDWC.dat
EDWC.txt
EDWE.dat
EDWE.txt
EDWF.dat
EDWF.txt
EDWG.dat
EDWG.txt
EDWH.dat
EDWH.txt
EDWI.dat
EDWI.txt
EDWJ.dat
EDWJ.txt
EDWK.dat
EDWK.txt
EDWL.dat
EDWL.txt
EDWM.dat
EDWM.txt
EDWN.dat
EDWN.txt
EDWO.dat
EDWO.txt
EDWP.dat
EDWP.txt
EDWQ.dat
EDWQ.txt
EDWR.dat
EDWR.txt
EDWS.dat
EDWS.txt
EDWU.dat
EDWU.txt
EDWV.dat
EDWV.txt
EDWX.dat
EDWX.txt
EDWY.dat
EDWY.txt
EDWZ.dat
EDWZ.txt
EDX1.dat
EDX1.txt
EDX2.dat
EDX2.txt
EDX3.dat
EDX3.txt
EDX4.dat
EDX4.txt
EDX5.dat
EDX5.txt
EDX6.dat
EDX6.txt
EDX9.dat
EDX9.txt
EDXA.dat
EDXA.txt
EDXB.dat
EDXB.txt
EDXC.dat
EDXC.txt
EDXD.dat
EDXD.txt
EDXE.dat
EDXE.txt
EDXF.dat
EDXF.txt
EDXG.dat
EDXG.txt
EDXH.dat
EDXH.txt
EDXI.dat
EDXI.txt
EDXJ.dat
EDXJ.txt
EDXK.dat
EDXK.txt
EDXL.dat
EDXL.txt
EDXM.dat
EDXM.txt
EDXN.dat
EDXN.txt
EDXO.dat
EDXO.txt
EDXP.dat
EDXP.txt
EDXQ.dat
EDXQ.txt
EDXR.dat
EDXR.txt
EDXS.dat
EDXS.txt
EDXT.dat
EDXT.txt
EDXU.dat
EDXU.txt
EDXW.dat
EDXW.txt
EDXY.dat
EDXY.txt
EDXZ.dat
EDXZ.txt
EDY1.dat
EDY1.txt
EEKA.dat
EEKA.txt
EETN.dat
EETN.txt
EETU.dat
EETU.txt
EF3.dat
EF3.txt
EFEJ.dat
EFEJ.txt
EFEK.dat
EFEK.txt
EFHE.dat
EFHE.txt
EFHF.dat
EFHF.txt
EFHK.dat
EFHK.txt
EFHM.dat
EFHM.txt
EFHY.dat
EFHY.txt
EFJY.dat
EFJY.txt
EFKI.dat
EFKI.txt
EFLP.dat
EFLP.txt
EFMA.dat
EFMA.txt
EFMH.dat
EFMH.txt
EFMP.dat
EFMP.txt
EFPO.dat
EFPO.txt
EFPT.dat
EFPT.txt
EFRO.dat
EFRO.txt
EFTU.dat
EFTU.txt
EFTV.dat
EFTV.txt
EFUT.dat
EFUT.txt
EG65.dat
EG65.txt
EG74.dat
EG74.txt
EGBE.dat
EGBE.txt
EGBN.dat
EGBN.txt
EGCJ.dat
EGCJ.txt
EGCK.dat
EGCK.txt
EGEF.dat
EGEF.txt
EGEI.dat
EGEI.txt
EGEL.dat
EGEL.txt
EGEN.dat
EGEN.txt
EGEP.dat
EGEP.txt
EGER.dat
EGER.txt
EGES.dat
EGES.txt
EGEW.dat
EGEW.txt
EGEY.dat
EGEY.txt
EGFH.dat
EGFH.txt
EGGP.dat
EGGP.txt
EGHC.dat
EGHC.txt
EGHH.dat
EGHH.txt
EGHI.dat
EGHI.txt
EGHR.dat
EGHR.txt
EGKA.dat
EGKA.txt
EGKL.dat
EGKL.txt
EGLC.dat
EGLC.txt
EGNJ.dat
EGNJ.txt
EGNS.dat
EGNS.txt
EGNW.dat
EGNW.txt
EGOQ.dat
EGOQ.txt
EGPB.dat
EGPB.txt
EGPE.dat
EGPE.txt
EGPG.dat
EGPG.txt
EGPJ.dat
EGPJ.txt
EGPL.dat
EGPL.txt
EGPM.dat
EGPM.txt
EGPN.dat
EGPN.txt
EGPO.dat
EGPO.txt
EGPR.dat
EGPR.txt
EGPT.dat
EGPT.txt
EGPU.dat
EGPU.txt
EGPW.dat
EGPW.txt
EGWU.dat
EGWU.txt
EGYP.dat
EGYP.txt
EHBK.dat
EHBK.txt
EHTE.dat
EHTE.txt
EIDW.dat
EIDW.txt
EINN.dat
EINN.txt
EIWT.dat
EIWT.txt
EJ3.dat
EJ3.txt
EK01.dat
EK01.txt
EK62.dat
EK62.txt
EK78.dat
EK78.txt
EKAE.dat
EKAE.txt
EKAH.dat
EKAH.txt
EKAT.dat
EKAT.txt
EKCH.dat
EKCH.txt
EKFR.dat
EKFR.txt
EKGH.dat
EKGH.txt
EKHE.dat
EKHE.txt
EKHG.dat
EKHG.txt
EKOD.dat
EKOD.txt
EKRK.dat
EKRK.txt
EKRN.dat
EKRN.txt
EN09.dat
EN09.txt
EN2.dat
EN2.txt
EN3.dat
EN3.txt
EN4.dat
EN4.txt
EN6.dat
EN6.txt
ENAT.dat
ENAT.txt
ENLK.dat
ENLK.txt
ENRK.dat
ENRK.txt
ENRY.dat
ENRY.txt
ENSI.dat
ENSI.txt
EPGD.dat
EPGD.txt
EPKK.dat
EPKK.txt
EPKT.dat
EPKT.txt
EPLS.dat
EPLS.txt
EPOM.dat
EPOM.txt
EPSD.dat
EPSD.txt
ER2.dat
ER2.txt
ESFR.dat
ESFR.txt
ESFS.dat
ESFS.txt
ESGA.dat
ESGA.txt
ESGC.dat
ESGC.txt
ESGD.dat
ESGD.txt
ESGE.dat
ESGE.txt
ESGF.dat
ESGF.txt
ESGG.dat
ESGG.txt
ESGH.dat
ESGH.txt
ESGI.dat
ESGI.txt
ESGJ.dat
ESGJ.txt
ESGK.dat
ESGK.txt
ESGL.dat
ESGL.txt
ESGM.dat
ESGM.txt
ESGN.dat
ESGN.txt
ESGO.dat
ESGO.txt
ESGP.dat
ESGP.txt
ESGR.dat
ESGR.txt
ESGS.dat
ESGS.txt
ESGT.dat
ESGT.txt
ESGU.dat
ESGU.txt
ESGV.dat
ESGV.txt
ESGY.dat
ESGY.txt
ESHB.dat
ESHB.txt
ESHC.dat
ESHC.txt
ESHD.dat
ESHD.txt
ESHK.dat
ESHK.txt
ESHL.dat
ESHL.txt
ESHS.dat
ESHS.txt
ESHY.dat
ESHY.txt
ESIA.dat
ESIA.txt
ESIB.dat
ESIB.txt
ESKB.dat
ESKB.txt
ESKC.dat
ESKC.txt
ESKD.dat
ESKD.txt
ESKG.dat
ESKG.txt
ESKH.dat
ESKH.txt
ESKK.dat
ESKK.txt
ESKM.dat
ESKM.txt
ESKN.dat
ESKN.txt
ESKO.dat
ESKO.txt
ESKU.dat
ESKU.txt
ESKV.dat
ESKV.txt
ESMA.dat
ESMA.txt
ESMB.dat
ESMB.txt
ESMC.dat
ESMC.txt
ESMD.dat
ESMD.txt
ESME.dat
ESME.txt
ESMF.dat
ESMF.txt
ESMG.dat
ESMG.txt
ESMH.dat
ESMH.txt
ESMI.dat
ESMI.txt
ESMJ.dat
ESMJ.txt
ESMK.dat
ESMK.txt
ESML.dat
ESML.txt
ESMO.dat
ESMO.txt
ESMP.dat
ESMP.txt
ESMQ.dat
ESMQ.txt
ESMS.dat
ESMS.txt
ESMT.dat
ESMT.txt
ESMU.dat
ESMU.txt
ESMV.dat
ESMV.txt
ESMX.dat
ESMX.txt
ESMY.dat
ESMY.txt
ESMZ.dat
ESMZ.txt
ESNA.dat
ESNA.txt
ESNB.dat
ESNB.txt
ESNC.dat
ESNC.txt
ESND.dat
ESND.txt
ESNE.dat
ESNE.txt
ESNG.dat
ESNG.txt
ESNH.dat
ESNH.txt
ESNJ.dat
ESNJ.txt
ESNK.dat
ESNK.txt
ESNL.dat
ESNL.txt
ESNM.dat
ESNM.txt
ESNN.dat
ESNN.txt
ESNO.dat
ESNO.txt
ESNP.dat
ESNP.txt
ESNQ.dat
ESNQ.txt
ESNR.dat
ESNR.txt
ESNS.dat
ESNS.txt
ESNT.dat
ESNT.txt
ESNU.dat
ESNU.txt
ESNV.dat
ESNV.txt
ESNX.dat
ESNX.txt
ESNY.dat
ESNY.txt
ESNZ.dat
ESNZ.txt
ESOE.dat
ESOE.txt
ESOH.dat
ESOH.txt
ESOK.dat
ESOK.txt
ESOL.dat
ESOL.txt
ESOW.dat
ESOW.txt
ESQO.dat
ESQO.txt
ESQP.dat
ESQP.txt
ESSA.dat
ESSA.txt
ESSB.dat
ESSB.txt
ESSC.dat
ESSC.txt
ESSD.dat
ESSD.txt
ESSE.dat
ESSE.txt
ESSF.dat
ESSF.txt
ESSG.dat
ESSG.txt
ESSH.dat
ESSH.txt
ESSI.dat
ESSI.txt
ESSK.dat
ESSK.txt
ESSL.dat
ESSL.txt
ESSM.dat
ESSM.txt
ESSN.dat
ESSN.txt
ESSP.dat
ESSP.txt
ESST.dat
ESST.txt
ESSU.dat
ESSU.txt
ESSV.dat
ESSV.txt
ESSW.dat
ESSW.txt
ESSX.dat
ESSX.txt
ESSZ.dat
ESSZ.txt
ESTA.dat
ESTA.txt
ESTF.dat
ESTF.txt
ESTL.dat
ESTL.txt
ESTO.dat
ESTO.txt
ESTT.dat
ESTT.txt
ETAD.dat
ETAD.txt
ETAR.dat
ETAR.txt
ETEB.dat
ETEB.txt
ETED.dat
ETED.txt
ETEK.dat
ETEK.txt
ETHA.dat
ETHA.txt
ETHB.dat
ETHB.txt
ETHC.dat
ETHC.txt
ETHE.dat
ETHE.txt
ETHF.dat
ETHF.txt
ETHH.dat
ETHH.txt
ETHL.dat
ETHL.txt
ETHN.dat
ETHN.txt
ETHR.dat
ETHR.txt
ETHS.dat
ETHS.txt
ETIC.dat
ETIC.txt
ETIH.dat
ETIH.txt
ETIK.dat
ETIK.txt
ETIN.dat
ETIN.txt
ETIY.dat
ETIY.txt
ETMN.dat
ETMN.txt
ETND.dat
ETND.txt
ETNG.dat
ETNG.txt
ETNH.dat
ETNH.txt
ETNJ.dat
ETNJ.txt
ETNL.dat
ETNL.txt
ETNN.dat
ETNN.txt
ETNS.dat
ETNS.txt
ETNT.dat
ETNT.txt
ETNW.dat
ETNW.txt
ETOA.dat
ETOA.txt
ETOI.dat
ETOI.txt
ETOR.dat
ETOR.txt
ETOU.dat
ETOU.txt
ETSA.dat
ETSA.txt
ETSB.dat
ETSB.txt
ETSE.dat
ETSE.txt
ETSF.dat
ETSF.txt
ETSI.dat
ETSI.txt
ETSL.dat
ETSL.txt
ETSN.dat
ETSN.txt
ETUO.dat
ETUO.txt
ETWM.dat
ETWM.txt
EVAD.dat
EVAD.txt
EVPA.dat
EVPA.txt
EVRA.dat
EVRA.txt
EVVA.dat
EVVA.txt
F72.dat
F72.txt
FABS.dat
FABS.txt
FAGC.dat
FAGC.txt
FAKT.dat
FAKT.txt
FAWB.dat
FAWB.txt
FBKE.dat
FBKE.txt
FBMN.dat
FBMN.txt
FJDG.dat
FJDG.txt
FLLA.dat
FLLA.txt
FLSO.dat
FLSO.txt
FN18.dat
FN18.txt
FN19.dat
FN19.txt
FNBG.dat
FNBG.txt
FNDU.dat
FNDU.txt
FNHU.dat
FNHU.txt
FNKU.dat
FNKU.txt
FNLU.dat
FNLU.txt
FNSA.dat
FNSA.txt
FNUB.dat
FNUB.txt
FNUE.dat
FNUE.txt
FTTJ.dat
FTTJ.txt
FVFA.dat
FVFA.txt
FVKB.dat
FVKB.txt
FXQN.dat
FXQN.txt
FYGB.dat
FYGB.txt
FYKM.dat
FYKM.txt
FYKT.dat
FYKT.txt
FYLZ.dat
FYLZ.txt
FYML.dat
FYML.txt
FYWB.dat
FYWB.txt
FYWE.dat
FYWE.txt
GCEJ.dat
GCEJ.txt
GCGM.dat
GCGM.txt
GCGO.dat
GCGO.txt
GCHI.dat
GCHI.txt
GCHU.dat
GCHU.txt
GCLA.dat
GCLA.txt
GCLB.dat
GCLB.txt
GMFA.dat
GMFA.txt
GMFZ.dat
GMFZ.txt
GMMF.dat
GMMF.txt
GMMI.dat
GMMI.txt
GMMZ.dat
GMMZ.txt
GMTA.dat
GMTA.txt
GQPP.dat
GQPP.txt
GQPT.dat
GQPT.txt
GVMT.dat
GVMT.txt
GVSF.dat
GVSF.txt
HAAB.dat
HAAB.txt
HSSJ.dat
HSSJ.txt
HSSM.dat
HSSM.txt
I18.dat
I18.txt
I19.dat
I19.txt
KABE.dat
KABE.txt
KABQ.dat
KABQ.txt
KACK.dat
KACK.txt
KACY.dat
KACY.txt
KADM.dat
KADM.txt
KADS.dat
KADS.txt
KAFW.dat
KAFW.txt
KAGC.dat
KAGC.txt
KAHN.dat
KAHN.txt
KAIG.dat
KAIG.txt
KAKQ.dat
KAKQ.txt
KALS.dat
KALS.txt
KANE.dat
KANE.txt
KANJ.dat
KANJ.txt
KAOC.dat
KAOC.txt
KAOO.dat
KAOO.txt
KAOV.dat
KAOV.txt
KAPA.dat
KAPA.txt
KAPC.dat
KAPC.txt
KAPN.dat
KAPN.txt
KAQO.dat
KAQO.txt
KARV.dat
KARV.txt
KASE.dat
KASE.txt
KASN.dat
KASN.txt
KAST.dat
KAST.txt
KATL.dat
KATL.txt
KATW.dat
KATW.txt
KAUG.dat
KAUG.txt
KAUN.dat
KAUN.txt
KAUO.dat
KAUO.txt
KAUW.dat
KAUW.txt
KAVC.dat
KAVC.txt
KAVP.dat
KAVP.txt
KAVX.dat
KAVX.txt
KAWM.dat
KAWM.txt
KAWO.dat
KAWO.txt
KAZC.dat
KAZC.txt
KAZO.dat
KAZO.txt
KBAZ.dat
KBAZ.txt
KBDE.dat
KBDE.txt
KBDH.dat
KBDH.txt
KBDL.dat
KBDL.txt
KBED.dat
KBED.txt
KBEH.dat
KBEH.txt
KBFD.dat
KBFD.txt
KBFI.dat
KBFI.txt
KBFL.dat
KBFL.txt
KBFM.dat
KBFM.txt
KBFW.dat
KBFW.txt
KBGM.dat
KBGM.txt
KBGR.dat
KBGR.txt
KBHM.dat
KBHM.txt
KBID.dat
KBID.txt
KBIH.dat
KBIH.txt
KBIL.dat
KBIL.txt
KBKE.dat
KBKE.txt
KBKW.dat
KBKW.txt
KBLF.dat
KBLF.txt
KBLH.dat
KBLH.txt
KBLI.dat
KBLI.txt
KBLU.dat
KBLU.txt
KBNA.dat
KBNA.txt
KBOK.dat
KBOK.txt
KBOS.dat
KBOS.txt
KBRD.dat
KBRD.txt
KBST.dat
KBST.txt
KBTY.dat
KBTY.txt
KBUF.dat
KBUF.txt
KBUR.dat
KBUR.txt
KBVS.dat
KBVS.txt
KBVU.dat
KBVU.txt
KBWC.dat
KBWC.txt
KBWI.dat
KBWI.txt
KBXK.dat
KBXK.txt
KCAE.dat
KCAE.txt
KCAG.dat
KCAG.txt
KCAK.dat
KCAK.txt
KCCB.dat
KCCB.txt
KCCR.dat
KCCR.txt
KCDA.dat
KCDA.txt
KCDK.dat
KCDK.txt
KCEF.dat
KCEF.txt
KCEY.dat
KCEY.txt
KCEZ.dat
KCEZ.txt
KCGE.dat
KCGE.txt
KCGS.dat
KCGS.txt
KCHO.dat
KCHO.txt
KCHS.dat
KCHS.txt
KCID.dat
KCID.txt
KCII.dat
KCII.txt
KCJR.dat
KCJR.txt
KCKC.dat
KCKC.txt
KCLI.dat
KCLI.txt
KCLM.dat
KCLM.txt
KCLS.dat
KCLS.txt
KCMI.dat
KCMI.txt
KCNO.dat
KCNO.txt
KCOE.dat
KCOE.txt
KCOI.dat
KCOI.txt
KCOU.dat
KCOU.txt
KCQM.dat
KCQM.txt
KCRE.dat
KCRE.txt
KCRQ.dat
KCRQ.txt
KCRW.dat
KCRW.txt
KCUB.dat
KCUB.txt
KCVG.dat
KCVG.txt
KCVO.dat
KCVO.txt
KCWA.dat
KCWA.txt
KCWC.dat
KCWC.txt
KCXP.dat
KCXP.txt
KCXY.dat
KCXY.txt
KCYW.dat
KCYW.txt
KCZG.dat
KCZG.txt
KDAA.dat
KDAA.txt
KDAB.dat
KDAB.txt
KDAF.dat
KDAF.txt
KDCA.dat
KDCA.txt
KDDH.dat
KDDH.txt
KDET.dat
KDET.txt
KDLH.dat
KDLH.txt
KDLS.dat
KDLS.txt
KDMO.dat
KDMO.txt
KDNL.dat
KDNL.txt
KDTL.dat
KDTL.txt
KDTN.dat
KDTN.txt
KDTS.dat
KDTS.txt
KDUA.dat
KDUA.txt
KDUJ.dat
KDUJ.txt
KDVL.dat
KDVL.txt
KDYT.dat
KDYT.txt
KEAU.dat
KEAU.txt
KECG.dat
KECG.txt
KECP.dat
KECP.txt
KEEN.dat
KEEN.txt
KEEO.dat
KEEO.txt
KEET.dat
KEET.txt
KEFD.dat
KEFD.txt
KEFK.dat
KEFK.txt
KEGV.dat
KEGV.txt
KEIK.dat
KEIK.txt
KEKS.dat
KEKS.txt
KEKX.dat
KEKX.txt
KEMT.dat
KEMT.txt
KEMV.dat
KEMV.txt
KENW.dat
KENW.txt
KERI.dat
KERI.txt
KESN.dat
KESN.txt
KETB.dat
KETB.txt
KEUG.dat
KEUG.txt
KEWB.dat
KEWB.txt
KEWN.dat
KEWN.txt
KEWR.dat
KEWR.txt
KEYW.dat
KEYW.txt
KEZF.dat
KEZF.txt
KEZS.dat
KEZS.txt
KFAF.dat
KFAF.txt
KFAY.dat
KFAY.txt
KFCI.dat
KFCI.txt
KFCM.dat
KFCM.txt
KFFO.dat
KFFO.txt
KFHR.dat
KFHR.txt
KFIT.dat
KFIT.txt
KFKL.dat
KFKL.txt
KFKN.dat
KFKN.txt
KFLD.dat
KFLD.txt
KFLG.dat
KFLG.txt
KFLL.dat
KFLL.txt
KFLO.dat
KFLO.txt
KFMH.dat
KFMH.txt
KFMN.dat
KFMN.txt
KFMY.dat
KFMY.txt
KFNL.dat
KFNL.txt
KFPR.dat
KFPR.txt
KFRG.dat
KFRG.txt
KFRR.dat
KFRR.txt
KFSD.dat
KFSD.txt
KFSO.dat
KFSO.txt
KFTY.dat
KFTY.txt
KFVX.dat
KFVX.txt
KGAI.dat
KGAI.txt
KGCN.dat
KGCN.txt
KGEG.dat
KGEG.txt
KGFL.dat
KGFL.txt
KGKT.dat
KGKT.txt
KGLS.dat
KGLS.txt
KGON.dat
KGON.txt
KGOO.dat
KGOO.txt
KGPI.dat
KGPI.txt
KGPZ.dat
KGPZ.txt
KGRB.dat
KGRB.txt
KGRF.dat
KGRF.txt
KGSO.dat
KGSO.txt
KGSP.dat
KGSP.txt
KGTB.dat
KGTB.txt
KGTF.dat
KGTF.txt
KGYR.dat
KGYR.txt
KGYY.dat
KGYY.txt
KHAF.dat
KHAF.txt
KHDN.dat
KHDN.txt
KHEF.dat
KHEF.txt
KHEG.dat
KHEG.txt
KHFD.dat
KHFD.txt
KHIO.dat
KHIO.txt
KHKS.dat
KHKS.txt
KHLG.dat
KHLG.txt
KHNZ.dat
KHNZ.txt
KHOU.dat
KHOU.txt
KHQM.dat
KHQM.txt
KHQZ.dat
KHQZ.txt
KHSV.dat
KHSV.txt
KHTO.dat
KHTO.txt
KHTS.dat
KHTS.txt
KHUA.dat
KHUA.txt
KHVN.dat
KHVN.txt
KHWY.dat
KHWY.txt
KHXD.dat
KHXD.txt
KHXF.dat
KHXF.txt
KHYR.dat
KHYR.txt
KHYW.dat
KHYW.txt
KHZL.dat
KHZL.txt
KHZR.dat
KHZR.txt
KIAD.dat
KIAD.txt
KIFP.dat
KIFP.txt
KIJD.dat
KIJD.txt
KIKK.dat
KIKK.txt
KIKV.dat
KIKV.txt
KINL.dat
KINL.txt
KIOW.dat
KIOW.txt
KIPT.dat
KIPT.txt
KISP.dat
KISP.txt
KIWS.dat
KIWS.txt
KIYK.dat
KIYK.txt
KIZG.dat
KIZG.txt
KJAC.dat
KJAC.txt
KJAN.dat
KJAN.txt
KJEF.dat
KJEF.txt
KJGG.dat
KJGG.txt
KJHW.dat
KJHW.txt
KJKA.dat
KJKA.txt
KJMS.dat
KJMS.txt
KJRB.dat
KJRB.txt
KJST.dat
KJST.txt
KJVL.dat
KJVL.txt
KJWN.dat
KJWN.txt
KJYO.dat
KJYO.txt
KKLS.dat
KKLS.txt
KLAF.dat
KLAF.txt
KLAL.dat
KLAL.txt
KLAR.dat
KLAR.txt
KLBE.dat
KLBE.txt
KLCH.dat
KLCH.txt
KLCK.dat
KLCK.txt
KLDM.dat
KLDM.txt
KLEB.dat
KLEB.txt
KLEW.dat
KLEW.txt
KLGA.dat
KLGA.txt
KLGD.dat
KLGD.txt
KLHV.dat
KLHV.txt
KLIT.dat
KLIT.txt
KLJF.dat
KLJF.txt
KLKU.dat
KLKU.txt
KLKV.dat
KLKV.txt
KLMT.dat
KLMT.txt
KLNK.dat
KLNK.txt
KLRO.dat
KLRO.txt
KLUF.dat
KLUF.txt
KLVK.dat
KLVK.txt
KLVN.dat
KLVN.txt
KLWB.dat
KLWB.txt
KLWS.dat
KLWS.txt
KLXV.dat
KLXV.txt
KLYH.dat
KLYH.txt
KLZZ.dat
KLZZ.txt
KMAL.dat
KMAL.txt
KMBS.dat
KMBS.txt
KMDQ.dat
KMDQ.txt
KMDS.dat
KMDS.txt
KMDT.dat
KMDT.txt
KMDZ.dat
KMDZ.txt
KMEI.dat
KMEI.txt
KMFI.dat
KMFI.txt
KMFR.dat
KMFR.txt
KMGG.dat
KMGG.txt
KMGW.dat
KMGW.txt
KMIA.dat
KMIA.txt
KMIB.dat
KMIB.txt
KMKE.dat
KMKE.txt
KMKG.dat
KMKG.txt
KMKJ.dat
KMKJ.txt
KMKT.dat
KMKT.txt
KMLB.dat
KMLB.txt
KMMK.dat
KMMK.txt
KMMV.dat
KMMV.txt
KMOB.dat
KMOB.txt
KMOX.dat
KMOX.txt
KMPV.dat
KMPV.txt
KMQI.dat
KMQI.txt
KMQJ.dat
KMQJ.txt
KMQS.dat
KMQS.txt
KMRF.dat
KMRF.txt
KMRY.dat
KMRY.txt
KMSO.dat
KMSO.txt
KMSY.dat
KMSY.txt
KMTH.dat
KMTH.txt
KMTN.dat
KMTN.txt
KMTV.dat
KMTV.txt
KMVL.dat
KMVL.txt
KMVY.dat
KMVY.txt
KMWC.dat
KMWC.txt
KMWH.dat
KMWH.txt
KMYR.dat
KMYR.txt
KNCL.dat
KNCL.txt
KNEW.dat
KNEW.txt
KNKT.dat
KNKT.txt
KNLC.dat
KNLC.txt
KNOW.dat
KNOW.txt
KNUW.dat
KNUW.txt
KNYG.dat
KNYG.txt
KNYL.dat
KNYL.txt
KOCQ.dat
KOCQ.txt
KOEO.dat
KOEO.txt
KOKK.dat
KOKK.txt
KOKV.dat
KOKV.txt
KOLM.dat
KOLM.txt
KOMH.dat
KOMH.txt
KONP.dat
KONP.txt
KONT.dat
KONT.txt
KONX.dat
KONX.txt
KOPF.dat
KOPF.txt
KOQU.dat
KOQU.txt
KORB.dat
KORB.txt
KORD.dat
KORD.txt
KORF.dat
KORF.txt
KORS.dat
KORS.txt
KOSH.dat
KOSH.txt
KOSU.dat
KOSU.txt
KOTH.dat
KOTH.txt
KOWD.dat
KOWD.txt
KOXC.dat
KOXC.txt
KOXD.dat
KOXD.txt
KOXR.dat
KOXR.txt
KPAE.dat
KPAE.txt
KPAH.dat
KPAH.txt
KPBG.dat
KPBG.txt
KPBH.dat
KPBH.txt
KPBI.dat
KPBI.txt
KPDT.dat
KPDT.txt
KPDX.dat
KPDX.txt
KPIT.dat
KPIT.txt
KPKB.dat
KPKB.txt
KPKF.dat
KPKF.txt
KPNE.dat
KPNE.txt
KPOU.dat
KPOU.txt
KPRB.dat
KPRB.txt
KPSB.dat
KPSB.txt
KPSC.dat
KPSC.txt
KPSK.dat
KPSK.txt
KPSO.dat
KPSO.txt
KPSP.dat
KPSP.txt
KPTB.dat
KPTB.txt
KPTN.dat
KPTN.txt
KPUJ.dat
KPUJ.txt
KPVC.dat
KPVC.txt
KPVD.dat
KPVD.txt
KPVF.dat
KPVF.txt
KPVU.dat
KPVU.txt
KPWC.dat
KPWC.txt
KPWK.dat
KPWK.txt
KPWM.dat
KPWM.txt
KPYM.dat
KPYM.txt
KRBG.dat
KRBG.txt
KRCA.dat
KRCA.txt
KRCX.dat
KRCX.txt
KRDG.dat
KRDG.txt
KRDM.dat
KRDM.txt
KRDR.dat
KRDR.txt
KRDU.dat
KRDU.txt
KRGK.dat
KRGK.txt
KRHI.dat
KRHI.txt
KRIC.dat
KRIC.txt
KRKD.dat
KRKD.txt
KRME.dat
KRME.txt
KRMN.dat
KRMN.txt
KRNH.dat
KRNH.txt
KRNO.dat
KRNO.txt
KRNT.dat
KRNT.txt
KROA.dat
KROA.txt
KROX.dat
KROX.txt
KRRT.dat
KRRT.txt
KRSV.dat
KRSV.txt
KRTS.dat
KRTS.txt
KRUT.dat
KRUT.txt
KSAW.dat
KSAW.txt
KSBA.dat
KSBA.txt
KSBN.dat
KSBN.txt
KSBP.dat
KSBP.txt
KSBS.dat
KSBS.txt
KSBY.dat
KSBY.txt
KSCH.dat
KSCH.txt
KSDA.dat
KSDA.txt
KSDF.dat
KSDF.txt
KSDM.dat
KSDM.txt
KSEE.dat
KSEE.txt
KSET.dat
KSET.txt
KSEZ.dat
KSEZ.txt
KSFF.dat
KSFF.txt
KSFO.dat
KSFO.txt
KSFZ.dat
KSFZ.txt
KSHD.dat
KSHD.txt
KSJT.dat
KSJT.txt
KSKA.dat
KSKA.txt
KSKX.dat
KSKX.txt
KSLC.dat
KSLC.txt
KSLE.dat
KSLE.txt
KSLH.dat
KSLH.txt
KSLK.dat
KSLK.txt
KSLN.dat
KSLN.txt
KSNA.dat
KSNA.txt
KSPB.dat
KSPB.txt
KSPI.dat
KSPI.txt
KSPZ.dat
KSPZ.txt
KSSQ.dat
KSSQ.txt
KSTC.dat
KSTC.txt
KSTL.dat
KSTL.txt
KSUE.dat
KSUE.txt
KSUN.dat
KSUN.txt
KSUW.dat
KSUW.txt
KSVH.dat
KSVH.txt
KSXL.dat
KSXL.txt
KSYR.dat
KSYR.txt
KSZP.dat
KSZP.txt
KSZT.dat
KSZT.txt
KTAD.dat
KTAD.txt
KTAN.dat
KTAN.txt
KTCM.dat
KTCM.txt
KTCY.dat
KTCY.txt
KTEB.dat
KTEB.txt
KTEX.dat
KTEX.txt
KTGI.dat
KTGI.txt
KTIW.dat
KTIW.txt
KTKV.dat
KTKV.txt
KTMK.dat
KTMK.txt
KTOA.dat
KTOA.txt
KTOI.dat
KTOI.txt
KTOP.dat
KTOP.txt
KTPA.dat
KTPA.txt
KTPL.dat
KTPL.txt
KTRI.dat
KTRI.txt
KTRK.dat
KTRK.txt
KTSP.dat
KTSP.txt
KTTD.dat
KTTD.txt
KTTN.dat
KTTN.txt
KTUS.dat
KTUS.txt
KTVC.dat
KTVC.txt
KTVK.dat
KTVK.txt
KTVL.dat
KTVL.txt
KTWM.dat
KTWM.txt
KUAO.dat
KUAO.txt
KUBE.dat
KUBE.txt
KUES.dat
KUES.txt
KUIL.dat
KUIL.txt
KUNU.dat
KUNU.txt
KUNV.dat
KUNV.txt
KUTA.dat
KUTA.txt
KUUU.dat
KUUU.txt
KUZA.dat
KUZA.txt
KVCV.dat
KVCV.txt
KVGT.dat
KVGT.txt
KVIQ.dat
KVIQ.txt
KVJI.dat
KVJI.txt
KVKS.dat
KVKS.txt
KVPS.dat
KVPS.txt
KVSF.dat
KVSF.txt
KVUO.dat
KVUO.txt
KWAL.dat
KWAL.txt
KWDG.dat
KWDG.txt
KWHP.dat
KWHP.txt
KWRI.dat
KWRI.txt
KWST.dat
KWST.txt
KXLL.dat
KXLL.txt
KYKM.dat
KYKM.txt
KYNG.dat
KYNG.txt
KZER.dat
KZER.txt
L001.dat
L001.txt
L002.dat
L002.txt
L003.dat
L003.txt
L004.dat
L004.txt
L06.dat
L06.txt
L09.dat
L09.txt
L19.dat
L19.txt
L22.dat
L22.txt
L41.dat
L41.txt
L52.dat
L52.txt
L54.dat
L54.txt
L57.dat
L57.txt
L61.dat
L61.txt
L62.dat
L62.txt
L71.dat
L71.txt
L72.dat
L72.txt
L77.dat
L77.txt
L84.dat
L84.txt
L88.dat
L88.txt
L92.dat
L92.txt
LAGJ.dat
LAGJ.txt
LAKU.dat
LAKU.txt
LDOS.dat
LDOS.txt
LDSB.dat
LDSB.txt
LDSH.dat
LDSH.txt
LDZD.dat
LDZD.txt
LE03.dat
LE03.txt
LE04.dat
LE04.txt
LEAP.dat
LEAP.txt
LEAT.dat
LEAT.txt
LEBZ.dat
LEBZ.txt
LEGE.dat
LEGE.txt
LEGV.dat
LEGV.txt
LEHS.dat
LEHS.txt
LEIU.dat
LEIU.txt
LELA.dat
LELA.txt
LELH.dat
LELH.txt
LEMP.dat
LEMP.txt
LERL.dat
LERL.txt
LEVC.dat
LEVC.txt
LF02.dat
LF02.txt
LFAV.dat
LFAV.txt
LFBE.dat
LFBE.txt
LFCW.dat
LFCW.txt
LFDS.dat
LFDS.txt
LFDX.dat
LFDX.txt
LFET.dat
LFET.txt
LFEU.dat
LFEU.txt
LFEX.dat
LFEX.txt
LFEZ.dat
LFEZ.txt
LFFC.dat
LFFC.txt
LFFJ.dat
LFFJ.txt
LFFN.dat
LFFN.txt
LFFR.dat
LFFR.txt
LFFT.dat
LFFT.txt
LFGK.dat
LFGK.txt
LFHN.dat
LFHN.txt
LFHS.dat
LFHS.txt
LFIB.dat
LFIB.txt
LFJA.dat
LFJA.txt
LFJE.dat
LFJE.txt
LFJY.dat
LFJY.txt
LFKB.dat
LFKB.txt
LFKJ.dat
LFKJ.txt
LFLC.dat
LFLC.txt
LFLI.dat
LFLI.txt
LFLY.dat
LFLY.txt
LFMA.dat
LFMA.txt
LFMF.dat
LFMF.txt
LFMO.dat
LFMO.txt
LFMQ.dat
LFMQ.txt
LFMR.dat
LFMR.txt
LFMX.dat
LFMX.txt
LFNA.dat
LFNA.txt
LFNC.dat
LFNC.txt
LFNF.dat
LFNF.txt
LFNH.dat
LFNH.txt
LFNJ.dat
LFNJ.txt
LFNR.dat
LFNR.txt
LFNS.dat
LFNS.txt
LFNV.dat
LFNV.txt
LFNZ.dat
LFNZ.txt
LFOK.dat
LFOK.txt
LFPF.dat
LFPF.txt
LFPT.dat
LFPT.txt
LFPX.dat
LFPX.txt
LFQC.dat
LFQC.txt
LFQH.dat
LFQH.txt
LFQK.dat
LFQK.txt
LFQQ.dat
LFQQ.txt
LFQW.dat
LFQW.txt
LFQX.dat
LFQX.txt
LFRG.dat
LFRG.txt
LFRN.dat
LFRN.txt
LFRT.dat
LFRT.txt
LFSG.dat
LFSG.txt
LFSK.dat
LFSK.txt
LFSN.dat
LFSN.txt
LFSU.dat
LFSU.txt
LFTM.dat
LFTM.txt
LFTP.dat
LFTP.txt
LFXI.dat
LFXI.txt
LFYL.dat
LFYL.txt
LGAL.dat
LGAL.txt
LGAV.dat
LGAV.txt
LGKF.dat
LGKF.txt
LGKO.dat
LGKO.txt
LGKR.dat
LGKR.txt
LGNX.dat
LGNX.txt
LGSK.dat
LGSK.txt
LGTS.dat
LGTS.txt
LGZA.dat
LGZA.txt
LHBP.dat
LHBP.txt
LHPR.dat
LHPR.txt
LIAF.dat
LIAF.txt
LIAP.dat
LIAP.txt
LIAQ.dat
LIAQ.txt
LIAU.dat
LIAU.txt
LIBA.dat
LIBA.txt
LIBC.dat
LIBC.txt
LIBD.dat
LIBD.txt
LIBF.dat
LIBF.txt
LIBG.dat
LIBG.txt
LIBP.dat
LIBP.txt
LIBR.dat
LIBR.txt
LICA.dat
LICA.txt
LICB.dat
LICB.txt
LICC.dat
LICC.txt
LICD.dat
LICD.txt
LICG.dat
LICG.txt
LICJ.dat
LICJ.txt
LICP.dat
LICP.txt
LICR.dat
LICR.txt
LICT.dat
LICT.txt
LICZ.dat
LICZ.txt
LIDE.dat
LIDE.txt
LIDF.dat
LIDF.txt
LIDG.dat
LIDG.txt
LIDP.dat
LIDP.txt
LIDR.dat
LIDR.txt
LIDU.dat
LIDU.txt
LIDV.dat
LIDV.txt
LIEA.dat
LIEA.txt
LIEE.dat
LIEE.txt
LIEO.dat
LIEO.txt
LIER.dat
LIER.txt
LIET.dat
LIET.txt
LILH.dat
LILH.txt
LILQ.dat
LILQ.txt
LILR.dat
LILR.txt
LIMB.dat
LIMB.txt
LIMC.dat
LIMC.txt
LIMF.dat
LIMF.txt
LIMG.dat
LIMG.txt
LIMJ.dat
LIMJ.txt
LIML.dat
LIML.txt
LIMP.dat
LIMP.txt
LIMS.dat
LIMS.txt
LINL.dat
LINL.txt
LIPC.dat
LIPC.txt
LIPE.dat
LIPE.txt
LIPF.dat
LIPF.txt
LIPH.dat
LIPH.txt
LIPK.dat
LIPK.txt
LIPM.dat
LIPM.txt
LIPO.dat
LIPO.txt
LIPQ.dat
LIPQ.txt
LIPR.dat
LIPR.txt
LIPU.dat
LIPU.txt
LIPY.dat
LIPY.txt
LIPZ.dat
LIPZ.txt
LIQB.dat
LIQB.txt
LIQL.dat
LIQL.txt
LIQN.dat
LIQN.txt
LIQS.dat
LIQS.txt
LIRA.dat
LIRA.txt
LIRE.dat
LIRE.txt
LIRF.dat
LIRF.txt
LIRG.dat
LIRG.txt
LIRH.dat
LIRH.txt
LIRI.dat
LIRI.txt
LIRJ.dat
LIRJ.txt
LIRL.dat
LIRL.txt
LIRM.dat
LIRM.txt
LIRN.dat
LIRN.txt
LIRP.dat
LIRP.txt
LIRQ.dat
LIRQ.txt
LIRS.dat
LIRS.txt
LIRU.dat
LIRU.txt
LIRV.dat
LIRV.txt
LIRZ.dat
LIRZ.txt
LIVD.dat
LIVD.txt
LJAJ.dat
LJAJ.txt
LJBL.dat
LJBL.txt
LJMS.dat
LJMS.txt
LJNM.dat
LJNM.txt
LJPZ.dat
LJPZ.txt
LKKV.dat
LKKV.txt
LKPM.dat
LKPM.txt
LLBG.dat
LLBG.txt
LMML.dat
LMML.txt
LNMC.dat
LNMC.txt
LOIH.dat
LOIH.txt
LOIR.dat
LOIR.txt
LOWW.dat
LOWW.txt
LPCR.dat
LPCR.txt
LPPI.dat
LPPI.txt
LPPR.dat
LPPR.txt
LPPT.dat
LPPT.txt
LQMO.dat
LQMO.txt
LQSA.dat
LQSA.txt
LRCL.dat
LRCL.txt
LROP.dat
LROP.txt
LRSB.dat
LRSB.txt
LSEZ.dat
LSEZ.txt
LSGC.dat
LSGC.txt
LSGE.dat
LSGE.txt
LSGL.dat
LSGL.txt
LSGN.dat
LSGN.txt
LSGS.dat
LSGS.txt
LSMM.dat
LSMM.txt
LSPG.dat
LSPG.txt
LSPL.dat
LSPL.txt
LSPM.dat
LSPM.txt
LSPN.dat
LSPN.txt
LSPV.dat
LSPV.txt
LSXB.dat
LSXB.txt
LSXG.dat
LSXG.txt
LSXV.dat
LSXV.txt
LSZB.dat
LSZB.txt
LSZC.dat
LSZC.txt
LSZE.dat
LSZE.txt
LSZF.dat
LSZF.txt
LSZG.dat
LSZG.txt
LSZH.dat
LSZH.txt
LSZI.dat
LSZI.txt
LSZL.dat
LSZL.txt
LSZN.dat
LSZN.txt
LSZO.dat
LSZO.txt
LSZQ.dat
LSZQ.txt
LSZR.dat
LSZR.txt
LSZS.dat
LSZS.txt
LSZV.dat
LSZV.txt
LTCB.dat
LTCB.txt
LTCL.dat
LTCL.txt
LTCV.dat
LTCV.txt
LTFJ.dat
LTFJ.txt
LUBL.dat
LUBL.txt
LWOH.dat
LWOH.txt
LWSK.dat
LWSK.txt
LXGB.dat
LXGB.txt
LYTV.dat
LYTV.txt
LZBD.dat
LZBD.txt
LZDB.dat
LZDB.txt
LZDV.dat
LZDV.txt
LZHL.dat
LZHL.txt
LZJS.dat
LZJS.txt
LZKC.dat
LZKC.txt
LZKS.dat
LZKS.txt
LZLU.dat
LZLU.txt
LZMA.dat
LZMA.txt
LZMC.dat
LZMC.txt
LZNI.dat
LZNI.txt
LZNZ.dat
LZNZ.txt
LZOC.dat
LZOC.txt
LZPE.dat
LZPE.txt
LZPP.dat
LZPP.txt
LZPT.dat
LZPT.txt
LZPW.dat
LZPW.txt
LZRU.dat
LZRU.txt
LZRY.dat
LZRY.txt
LZSE.dat
LZSE.txt
LZSK.dat
LZSK.txt
LZSL.dat
LZSL.txt
LZSV.dat
LZSV.txt
LZSY.dat
LZSY.txt
LZTN.dat
LZTN.txt
LZTR.dat
LZTR.txt
LZTT.dat
LZTT.txt
LZZI.dat
LZZI.txt
M34.dat
M34.txt
M38.dat
M38.txt
M45.dat
M45.txt
MDPC.dat
MDPC.txt
MHDU.dat
MHDU.txt
MHPL.dat
MHPL.txt
MKJP.dat
MKJP.txt
MKJS.dat
MKJS.txt
MMSF.dat
MMSF.txt
MN50.dat
MN50.txt
MRFI.dat
MRFI.txt
MRQP.dat
MRQP.txt
MUBA.dat
MUBA.txt
MUBY.dat
MUBY.txt
MUCA.dat
MUCA.txt
MUCC.dat
MUCC.txt
MUCF.dat
MUCF.txt
MUCL.dat
MUCL.txt
MUCU.dat
MUCU.txt
MUHA.dat
MUHA.txt
MUVR.dat
MUVR.txt
MUVT.dat
MUVT.txt
MWCB.dat
MWCB.txt
MWCL.dat
MWCL.txt
MWCR.dat
MWCR.txt
MYAM.dat
MYAM.txt
MYEH.dat
MYEH.txt
MYGF.dat
MYGF.txt
MYNN.dat
MYNN.txt
MYRD.dat
MYRD.txt
N53.dat
N53.txt
N59.dat
N59.txt
N82.dat
N82.txt
N94.dat
N94.txt
N96.dat
N96.txt
NSFI.dat
NSFI.txt
NTTO.dat
NTTO.txt
NV42.dat
NV42.txt
NY54.dat
NY54.txt
NZAA.dat
NZAA.txt
NZAG.dat
NZAG.txt
NZAR.dat
NZAR.txt
NZCI.dat
NZCI.txt
NZHN.dat
NZHN.txt
NZKK.dat
NZKK.txt
NZKT.dat
NZKT.txt
NZMF.dat
NZMF.txt
NZNP.dat
NZNP.txt
NZNR.dat
NZNR.txt
NZOP.dat
NZOP.txt
NZPM.dat
NZPM.txt
NZRV.dat
NZRV.txt
NZTH.dat
NZTH.txt
NZUN.dat
NZUN.txt
NZWR.dat
NZWR.txt
O24.dat
O24.txt
O26.dat
O26.txt
O43.dat
O43.txt
O57.dat
O57.txt
OINR.dat
OINR.txt
OMDB.dat
OMDB.txt
OMDW.dat
OMDW.txt
OPGT.dat
OPGT.txt
OPRN.dat
OPRN.txt
OR10.dat
OR10.txt
P20.dat
P20.txt
PAAL.dat
PAAL.txt
PADU.dat
PADU.txt
PAEN.dat
PAEN.txt
PAFE.dat
PAFE.txt
PAGY.dat
PAGY.txt
PAHN.dat
PAHN.txt
PAJN.dat
PAJN.txt
PAKH.dat
PAKH.txt
PASX.dat
PASX.txt
PAVD.dat
PAVD.txt
PS95.dat
PS95.txt
RJAA.dat
RJAA.txt
RJAO.dat
RJAO.txt
RJBE.dat
RJBE.txt
RJCC.dat
RJCC.txt
RJFM.dat
RJFM.txt
RJSS.dat
RJSS.txt
RJT2.dat
RJT2.txt
RPLC.dat
RPLC.txt
RPLI.dat
RPLI.txt
RPVM.dat
RPVM.txt
RPVP.dat
RPVP.txt
RPVT.dat
RPVT.txt
S03.dat
S03.txt
S05.dat
S05.txt
S12.dat
S12.txt
S16.dat
S16.txt
S18.dat
S18.txt
S21.dat
S21.txt
S43.dat
S43.txt
S50.dat
S50.txt
S83.dat
S83.txt
SA07.dat
SA07.txt
SA15.dat
SA15.txt
SA17.dat
SA17.txt
SA18.dat
SA18.txt
SA27.dat
SA27.txt
SA38.dat
SA38.txt
SA46.dat
SA46.txt
SA7Q.dat
SA7Q.txt
SA7U.dat
SA7U.txt
SA9E.dat
SA9E.txt
SAAV.dat
SAAV.txt
SABE.dat
SABE.txt
SACO.dat
SACO.txt
SADF.dat
SADF.txt
SADP.dat
SADP.txt
SAEZ.dat
SAEZ.txt
SAHC.dat
SAHC.txt
SAHE.dat
SAHE.txt
SAHS.dat
SAHS.txt
SAHZ.dat
SAHZ.txt
SAME.dat
SAME.txt
SAMM.dat
SAMM.txt
SAMR.dat
SAMR.txt
SANC.dat
SANC.txt
SANE.dat
SANE.txt
SANL.dat
SANL.txt
SANO.dat
SANO.txt
SANT.dat
SANT.txt
SAOU.dat
SAOU.txt
SARC.dat
SARC.txt
SASA.dat
SASA.txt
SASJ.dat
SASJ.txt
SASQ.dat
SASQ.txt
SAVA.dat
SAVA.txt
SAVC.dat
SAVC.txt
SAVD.dat
SAVD.txt
SAVE.dat
SAVE.txt
SAVY.dat
SAVY.txt
SAWC.dat
SAWC.txt
SAWD.dat
SAWD.txt
SAWE.dat
SAWE.txt
SAWG.dat
SAWG.txt
SAWH.dat
SAWH.txt
SAWP.dat
SAWP.txt
SAWT.dat
SAWT.txt
SAWU.dat
SAWU.txt
SAZB.dat
SAZB.txt
SAZM.dat
SAZM.txt
SAZN.dat
SAZN.txt
SAZR.dat
SAZR.txt
SAZY.dat
SAZY.txt
SBAE.dat
SBAE.txt
SBAR.dat
SBAR.txt
SBBP.dat
SBBP.txt
SBBR.dat
SBBR.txt
SBCN.dat
SBCN.txt
SBCO.dat
SBCO.txt
SBFI.dat
SBFI.txt
SBFL.dat
SBFL.txt
SBFN.dat
SBFN.txt
SBGL.dat
SBGL.txt
SBGO.dat
SBGO.txt
SBIH.dat
SBIH.txt
SBJD.dat
SBJD.txt
SBMK.dat
SBMK.txt
SBNT.dat
SBNT.txt
SBPA.dat
SBPA.txt
SBPC.dat
SBPC.txt
SBPK.dat
SBPK.txt
SBPL.dat
SBPL.txt
SBPR.dat
SBPR.txt
SBPV.dat
SBPV.txt
SBQV.dat
SBQV.txt
SBRF.dat
SBRF.txt
SBRJ.dat
SBRJ.txt
SBRP.dat
SBRP.txt
SBSM.dat
SBSM.txt
SBSP.dat
SBSP.txt
SBST.dat
SBST.txt
SBSV.dat
SBSV.txt
SBUL.dat
SBUL.txt
SC1A.dat
SC1A.txt
SCAC.dat
SCAC.txt
SCAE.dat
SCAE.txt
SCAH.dat
SCAH.txt
SCAI.dat
SCAI.txt
SCAK.dat
SCAK.txt
SCAN.dat
SCAN.txt
SCAP.dat
SCAP.txt
SCAQ.dat
SCAQ.txt
SCAR.dat
SCAR.txt
SCAS.dat
SCAS.txt
SCAT.dat
SCAT.txt
SCAY.dat
SCAY.txt
SCBB.dat
SCBB.txt
SCBE.dat
SCBE.txt
SCBI.dat
SCBI.txt
SCBS.dat
SCBS.txt
SCCA.dat
SCCA.txt
SCCB.dat
SCCB.txt
SCCC.dat
SCCC.txt
SCCF.dat
SCCF.txt
SCCH.dat
SCCH.txt
SCCK.dat
SCCK.txt
SCCL.dat
SCCL.txt
SCCM.dat
SCCM.txt
SCCR.dat
SCCR.txt
SCCT.dat
SCCT.txt
SCCU.dat
SCCU.txt
SCCV.dat
SCCV.txt
SCCY.dat
SCCY.txt
SCDQ.dat
SCDQ.txt
SCDW.dat
SCDW.txt
SCEB.dat
SCEB.txt
SCER.dat
SCER.txt
SCEY.dat
SCEY.txt
SCFC.dat
SCFC.txt
SCFK.dat
SCFK.txt
SCFM.dat
SCFM.txt
SCFR.dat
SCFR.txt
SCFT.dat
SCFT.txt
SCFX.dat
SCFX.txt
SCGA.dat
SCGA.txt
SCGB.dat
SCGB.txt
SCGL.dat
SCGL.txt
SCGO.dat
SCGO.txt
SCGY.dat
SCGY.txt
SCGZ.dat
SCGZ.txt
SCHA.dat
SCHA.txt
SCHC.dat
SCHC.txt
SCHR.dat
SCHR.txt
SCHW.dat
SCHW.txt
SCIA.dat
SCIA.txt
SCIB.dat
SCIB.txt
SCIC.dat
SCIC.txt
SCIE.dat
SCIE.txt
SCIH.dat
SCIH.txt
SCII.dat
SCII.txt
SCIK.dat
SCIK.txt
SCIL.dat
SCIL.txt
SCIM.dat
SCIM.txt
SCIO.dat
SCIO.txt
SCIR.dat
SCIR.txt
SCIS.dat
SCIS.txt
SCJO.dat
SCJO.txt
SCKD.dat
SCKD.txt
SCKL.dat
SCKL.txt
SCKM.dat
SCKM.txt
SCKO.dat
SCKO.txt
SCKP.dat
SCKP.txt
SCKT.dat
SCKT.txt
SCLB.dat
SCLB.txt
SCLC.dat
SCLC.txt
SCLD.dat
SCLD.txt
SCLE.dat
SCLE.txt
SCLJ.dat
SCLJ.txt
SCLL.dat
SCLL.txt
SCLN.dat
SCLN.txt
SCLQ.dat
SCLQ.txt
SCLY.dat
SCLY.txt
SCMA.dat
SCMA.txt
SCMF.dat
SCMF.txt
SCMK.dat
SCMK.txt
SCML.dat
SCML.txt
SCMP.dat
SCMP.txt
SCND.dat
SCND.txt
SCNE.dat
SCNE.txt
SCNK.dat
SCNK.txt
SCNM.dat
SCNM.txt
SCOH.dat
SCOH.txt
SCOL.dat
SCOL.txt
SCON.dat
SCON.txt
SCOO.dat
SCOO.txt
SCOT.dat
SCOT.txt
SCOV.dat
SCOV.txt
SCPB.dat
SCPB.txt
SCPC.dat
SCPC.txt
SCPF.dat
SCPF.txt
SCPH.dat
SCPH.txt
SCPI.dat
SCPI.txt
SCPK.dat
SCPK.txt
SCPL.dat
SCPL.txt
SCPM.dat
SCPM.txt
SCPP.dat
SCPP.txt
SCPQ.dat
SCPQ.txt
SCPR.dat
SCPR.txt
SCPU.dat
SCPU.txt
SCPV.dat
SCPV.txt
SCPY.dat
SCPY.txt
SCQC.dat
SCQC.txt
SCQE.dat
SCQE.txt
SCQI.dat
SCQI.txt
SCQK.dat
SCQK.txt
SCQL.dat
SCQL.txt
SCQM.dat
SCQM.txt
SCQP.dat
SCQP.txt
SCQR.dat
SCQR.txt
SCQT.dat
SCQT.txt
SCQY.dat
SCQY.txt
SCRA.dat
SCRA.txt
SCRB.dat
SCRB.txt
SCRC.dat
SCRC.txt
SCRD.dat
SCRD.txt
SCRE.dat
SCRE.txt
SCRF.dat
SCRF.txt
SCRG.dat
SCRG.txt
SCRI.dat
SCRI.txt
SCRM.dat
SCRM.txt
SCRN.dat
SCRN.txt
SCRS.dat
SCRS.txt
SCRU.dat
SCRU.txt
SCSB.dat
SCSB.txt
SCSD.dat
SCSD.txt
SCSE.dat
SCSE.txt
SCSF.dat
SCSF.txt
SCSH.dat
SCSH.txt
SCSJ.dat
SCSJ.txt
SCSL.dat
SCSL.txt
SCSM.dat
SCSM.txt
SCSN.dat
SCSN.txt
SCSR.dat
SCSR.txt
SCST.dat
SCST.txt
SCSZ.dat
SCSZ.txt
SCTA.dat
SCTA.txt
SCTB.dat
SCTB.txt
SCTE.dat
SCTE.txt
SCTI.dat
SCTI.txt
SCTL.dat
SCTL.txt
SCTN.dat
SCTN.txt
SCTO.dat
SCTO.txt
SCTP.dat
SCTP.txt
SCTR.dat
SCTR.txt
SCTT.dat
SCTT.txt
SCUI.dat
SCUI.txt
SCUL.dat
SCUL.txt
SCVH.dat
SCVH.txt
SCVI.dat
SCVI.txt
SCVL.dat
SCVL.txt
SCVM.dat
SCVM.txt
SCVN.dat
SCVN.txt
SCVO.dat
SCVO.txt
SCXR.dat
SCXR.txt
SCYB.dat
SCYB.txt
SD68.dat
SD68.txt
SDCR.dat
SDCR.txt
SDIH.dat
SDIH.txt
SDIM.dat
SDIM.txt
SDOB.dat
SDOB.txt
SDTB.dat
SDTB.txt
SDVH.dat
SDVH.txt
SEII.dat
SEII.txt
SEMT.dat
SEMT.txt
SEQM.dat
SEQM.txt
SJRG.dat
SJRG.txt
SKCG.dat
SKCG.txt
SLCB.dat
SLCB.txt
SLLP.dat
SLLP.txt
SLPS.dat
SLPS.txt
SLSU.dat
SLSU.txt
SLTJ.dat
SLTJ.txt
SLTR.dat
SLTR.txt
SLVR.dat
SLVR.txt
SMTO.dat
SMTO.txt
SNDT.dat
SNDT.txt
SNDV.dat
SNDV.txt
SNEJ.dat
SNEJ.txt
SNFL.dat
SNFL.txt
SNGX.dat
SNGX.txt
SNJK.dat
SNJK.txt
SNJM.dat
SNJM.txt
SNKF.dat
SNKF.txt
SNKI.dat
SNKI.txt
SNMF.dat
SNMF.txt
SNOF.dat
SNOF.txt
SNQV.dat
SNQV.txt
SNZA.dat
SNZA.txt
SPCL.dat
SPCL.txt
SPHI.dat
SPHI.txt
SPHO.dat
SPHO.txt
SPIM.dat
SPIM.txt
SPJC.dat
SPJC.txt
SPJL.dat
SPJL.txt
SPQT.dat
SPQT.txt
SPQU.dat
SPQU.txt
SPRU.dat
SPRU.txt
SPSO.dat
SPSO.txt
SPTN.dat
SPTN.txt
SPTU.dat
SPTU.txt
SPZO.dat
SPZO.txt
SSAN.dat
SSAN.txt
SSBR.dat
SSBR.txt
SSCC.dat
SSCC.txt
SSMW.dat
SSMW.txt
SSSS.dat
SSSS.txt
SULS.dat
SULS.txt
SUMU.dat
SUMU.txt
SURV.dat
SURV.txt
SWFR.dat
SWFR.txt
SWNS.dat
SWNS.txt
T82.dat
T82.txt
TFFF.dat
TFFF.txt
TFFJ.dat
TFFJ.txt
TNCM.dat
TNCM.txt
U30.dat
U30.txt
U36.dat
U36.txt
U52.dat
U52.txt
U70.dat
U70.txt
UERP.dat
UERP.txt
UGSB.dat
UGSB.txt
UHMP.dat
UHMP.txt
UKKK.dat
UKKK.txt
UKLR.dat
UKLR.txt
ULPK.dat
ULPK.txt
ULPM.dat
ULPM.txt
ULPP.dat
ULPP.txt
ULPS.dat
ULPS.txt
ULWR.dat
ULWR.txt
UMKK.dat
UMKK.txt
UNKL.dat
UNKL.txt
UNKY.dat
UNKY.txt
UOHH.dat
UOHH.txt
UROD.dat
UROD.txt
UT44.dat
UT44.txt
UTOD.dat
UTOD.txt
VA42.dat
VA42.txt
VGCB.dat
VGCB.txt
VGSD.dat
VGSD.txt
VHHH.dat
VHHH.txt
VI65.dat
VI65.txt
VIAR.dat
VIAR.txt
VIDF.dat
VIDF.txt
VMMC.dat
VMMC.txt
VNDH.dat
VNDH.txt
VNDP.dat
VNDP.txt
VNJL.dat
VNJL.txt
VNJS.dat
VNJS.txt
VNST.dat
VNST.txt
VNTR.dat
VNTR.txt
VOBL.dat
VOBL.txt
VT46.dat
VT46.txt
VTSP.dat
VTSP.txt
VYXG.dat
VYXG.txt
W23.dat
W23.txt
W45.dat
W45.txt
W81.dat
W81.txt
W96.dat
W96.txt
WA28.dat
WA28.txt
WADD.dat
WADD.txt
WAJK.dat
WAJK.txt
WAJO.dat
WAJO.txt
WAPP.dat
WAPP.txt
WI47.dat
WI47.txt
WMGK.dat
WMGK.txt
WMKA.dat
WMKA.txt
WMKB.dat
WMKB.txt
WMKC.dat
WMKC.txt
WMKE.dat
WMKE.txt
WMKF.dat
WMKF.txt
WMKI.dat
WMKI.txt
WMKL.dat
WMKL.txt
WMKM.dat
WMKM.txt
WMKN.dat
WMKN.txt
WMKP.dat
WMKP.txt
WMPA.dat
WMPA.txt
WMPR.dat
WMPR.txt
WMSA.dat
WMSA.txt
WN54.dat
WN54.txt
WSAC.dat
WSAC.txt
WSSL.dat
WSSL.txt
WSSS.dat
WSSS.txt
WW43.dat
WW43.txt
WW44.dat
WW44.txt
WW89.dat
WW89.txt
WX43.dat
WX43.txt
WXX4.dat
WXX4.txt
WZ43.dat
WZ43.txt
X6MU.dat
X6MU.txt
XBRO.dat
XBRO.txt
XED2A.dat
XED2A.txt
XED2D.dat
XED2D.txt
XED2E.dat
XED2E.txt
XED2F.dat
XED2F.txt
XED2G.dat
XED2G.txt
XED2H.dat
XED2H.txt
XED2I.dat
XED2I.txt
XED2J.dat
XED2J.txt
XED6A.dat
XED6A.txt
XED6B.dat
XED6B.txt
XED7E.dat
XED7E.txt
XED7G.dat
XED7G.txt
XED7I.dat
XED7I.txt
XED7O.dat
XED7O.txt
XED7U.dat
XED7U.txt
XEDAC.dat
XEDAC.txt
XEDAE.dat
XEDAE.txt
XEDAI.dat
XEDAI.txt
XEDB2.dat
XEDB2.txt
XEDC9.dat
XEDC9.txt
XEDCA.dat
XEDCA.txt
XEDCW.dat
XEDCW.txt
XEDDM.dat
XEDDM.txt
XEDF2.dat
XEDF2.txt
XEDGK.dat
XEDGK.txt
XESG1.dat
XESG1.txt
XESG2.dat
XESG2.txt
XESG3.dat
XESG3.txt
XESG4.dat
XESG4.txt
XESG5.dat
XESG5.txt
XESG6.dat
XESG6.txt
XL005.dat
XL005.txt
XL006.dat
XL006.txt
XL007.dat
XL007.txt
XL008.dat
XL008.txt
XL009.dat
XL009.txt
XL011.dat
XL011.txt
XL013.dat
XL013.txt
XL014.dat
XL014.txt
XL015.dat
XL015.txt
XLEGK.dat
XLEGK.txt
XPLO.dat
XPLO.txt
XSA70.dat
XSA70.txt
XULPW.dat
XULPW.txt
XUSDT.dat
XUSDT.txt
XZMHA.dat
XZMHA.txt
XZMTU.dat
XZMTU.txt
XZMUB.dat
XZMUB.txt
Y49.dat
Y49.txt
Y55.dat
Y55.txt
Y77.dat
Y77.txt
YARM.dat
YARM.txt
YAYE.dat
YAYE.txt
YBAS.dat
YBAS.txt
YBLT.dat
YBLT.txt
YHOT.dat
YHOT.txt
YKDI.dat
YKDI.txt
YMAV.dat
YMAV.txt
YPAD.dat
YPAD.txt
YRED.dat
YRED.txt
YSCN.dat
YSCN.txt
YTEM.dat
YTEM.txt
YTNK.dat
YTNK.txt
YTWB.dat
YTWB.txt
ZBAA.dat
ZBAA.txt
ZGSZ.dat
ZGSZ.txt
ZMAH.dat
ZMAH.txt
ZMAT.dat
ZMAT.txt
ZMBD.dat
ZMBD.txt
ZMBH.dat
ZMBH.txt
ZMBN.dat
ZMBN.txt
ZMBR.dat
ZMBR.txt
ZMBS.dat
ZMBS.txt
ZMBU.dat
ZMBU.txt
ZMCD.dat
ZMCD.txt
ZMDA.dat
ZMDA.txt
ZMDN.dat
ZMDN.txt
ZMDZ.dat
ZMDZ.txt
ZMED.dat
ZMED.txt
ZMGT.dat
ZMGT.txt
ZMHG.dat
ZMHG.txt
ZMHH.dat
ZMHH.txt
ZMHU.dat
ZMHU.txt
ZMKB.dat
ZMKB.txt
ZMKD.dat
ZMKD.txt
ZMMG.dat
ZMMG.txt
ZMMN.dat
ZMMN.txt
ZMSF.dat
ZMSF.txt
ZMSH.dat
ZMSH.txt
ZMTG.dat
ZMTG.txt
ZMTL.dat
ZMTL.txt
ZMTT.dat
ZMTT.txt
ZMUG.dat
ZMUG.txt
ZMUH.dat
ZMUH.txt
ZMUL.dat
ZMUL.txt
ZSPD.dat
ZSPD.txt
